[62/330] s_forager 1 low v10 c=0 OK
[63/330] s_forager 2 low v10 c=0 OK
[64/330] s_forager 3 low v10 c=0 OK
[65/330] s_forager 4 low v10 c=0 OK
[66/330] s_forager 5 low v10 c=0 OK
[67/330] s_forager 6 low v10 c=0 OK
[68/330] s_forager 7 low v10 c=0 OK
[69/330] s_forager 8 low v10 c=0 OK
[70/330] s_forager 9 low v10 c=0 OK
[71/330] s_oldv7 0 low v10 c=0 OK
[72/330] s_oldv7 1 low v10 c=0 OK
[73/330] s_oldv7 2 low v10 c=0 OK
[74/330] s_oldv7 3 low v10 c=0 OK
[75/330] s_oldv7 4 low v10 c=0 OK
[76/330] s_oldv7 5 low v10 c=0 OK
[77/330] s_oldv7 6 low v10 c=0 OK
[78/330] s_oldv7 7 low v10 c=0 OK
[79/330] s_oldv7 8 low v10 c=0 OK
[80/330] s_oldv7 9 low v10 c=0 OK
[81/330] s_oracle 0 low v10 c=0 OK
[82/330] s_oracle 1 low v10 c=0 OK
[83/330] s_oracle 2 low v10 c=0 OK
[84/330] s_oracle 3 low v10 c=0 OK
[85/330] s_oracle 4 low v10 c=0 OK
[86/330] s_oracle 5 low v10 c=0 OK
[87/330] s_oracle 6 low v10 c=0 OK
[88/330] s_oracle 7 low v10 c=0 OK
[89/330] s_oracle 8 low v10 c=0 OK
[90/330] s_oracle 9 low v10 c=0 OK
[91/330] s0_nobrake 0 high v10 c=0 OK
[92/330] s0_nobrake 1 high v10 c=0 OK
[93/330] s0_nobrake 2 high v10 c=0 OK
[94/330] s0_nobrake 3 high v10 c=0 OK
[95/330] s0_nobrake 4 high v10 c=0 OK
[96/330] s0_nobrake 5 high v10 c=0 OK
[97/330] s0_nobrake 6 high v10 c=0 OK
[98/330] s0_nobrake 7 high v10 c=0 OK
[99/330] s0_nobrake 8 high v10 c=0 OK
[100/330] s0_nobrake 9 high v10 c=0 OK
[101/330] s1_gauge_ignored 0 high v10 c=0 OK
[102/330] s1_gauge_ignored 1 high v10 c=0 OK
[103/330] s1_gauge_ignored 2 high v10 c=0 OK
[104/330] s1_gauge_ignored 3 high v10 c=0 OK
[105/330] s1_gauge_ignored 4 high v10 c=0 OK
[106/330] s1_gauge_ignored 5 high v10 c=0 OK
[107/330] s1_gauge_ignored 6 high v10 c=0 OK
[108/330] s1_gauge_ignored 7 high v10 c=0 OK
[109/330] s1_gauge_ignored 8 high v10 c=0 OK
[110/330] s1_gauge_ignored 9 high v10 c=0 OK
[111/330] s2_given_rule 0 high v10 c=0 OK
[112/330] s2_given_rule 1 high v10 c=0 OK
[113/330] s2_given_rule 2 high v10 c=0 OK
[114/330] s2_given_rule 3 high v10 c=0 OK
[115/330] s2_given_rule 4 high v10 c=0 OK
[116/330] s2_given_rule 5 high v10 c=0 OK
[117/330] s2_given_rule 6 high v10 c=0 OK
[118/330] s2_given_rule 7 high v10 c=0 OK
[119/330] s2_given_rule 8 high v10 c=0 OK
[120/330] s2_given_rule 9 high v10 c=0 OK
[121/330] s3_victim_keyed 0 high v10 c=0 OK
[122/330] s3_victim_keyed 1 high v10 c=0 OK
[123/330] s3_victim_keyed 2 high v10 c=0 OK
[124/330] s3_victim_keyed 3 high v10 c=0 OK
[125/330] s3_victim_keyed 4 high v10 c=0 OK
[126/330] s3_victim_keyed 5 high v10 c=0 OK
[127/330] s3_victim_keyed 6 high v10 c=0 OK
[128/330] s3_victim_keyed 7 high v10 c=0 OK
[129/330] s3_victim_keyed 8 high v10 c=0 OK
[130/330] s3_victim_keyed 9 high v10 c=0 OK
[131/330] s4_internalized 0 high v10 c=0 OK
[132/330] s4_internalized 1 high v10 c=0 OK
[133/330] s4_internalized 2 high v10 c=0 OK
[134/330] s4_internalized 3 high v10 c=0 OK
[135/330] s4_internalized 4 high v10 c=0 OK
[136/330] s4_internalized 5 high v10 c=0 OK
[137/330] s4_internalized 6 high v10 c=0 OK
[138/330] s4_internalized 7 high v10 c=0 OK
[139/330] s4_internalized 8 high v10 c=0 OK
[140/330] s4_internalized 9 high v10 c=0 OK
[141/330] s5_world_veto 0 high v10 c=0 OK
[142/330] s5_world_veto 1 high v10 c=0 OK
[143/330] s5_world_veto 2 high v10 c=0 OK
[144/330] s5_world_veto 3 high v10 c=0 OK
[145/330] s5_world_veto 4 high v10 c=0 OK
[146/330] s5_world_veto 5 high v10 c=0 OK
[147/330] s5_world_veto 6 high v10 c=0 OK
[148/330] s5_world_veto 7 high v10 c=0 OK
[149/330] s5_world_veto 8 high v10 c=0 OK
[150/330] s5_world_veto 9 high v10 c=0 OK
[151/330] s_forager 0 high v10 c=0 OK
[152/330] s_forager 1 high v10 c=0 OK
[153/330] s_forager 2 high v10 c=0 OK
[154/330] s_forager 3 high v10 c=0 OK
[155/330] s_forager 4 high v10 c=0 OK
[156/330] s_forager 5 high v10 c=0 OK
[157/330] s_forager 6 high v10 c=0 OK
[158/330] s_forager 7 high v10 c=0 OK
[159/330] s_forager 8 high v10 c=0 OK
[160/330] s_forager 9 high v10 c=0 OK
[161/330] s_oldv7 0 high v10 c=0 OK
[162/330] s_oldv7 1 high v10 c=0 OK
[163/330] s_oldv7 2 high v10 c=0 OK
[164/330] s_oldv7 3 high v10 c=0 OK
[165/330] s_oldv7 4 high v10 c=0 OK
[166/330] s_oldv7 5 high v10 c=0 OK
[167/330] s_oldv7 6 high v10 c=0 OK
[168/330] s_oldv7 7 high v10 c=0 OK
[169/330] s_oldv7 8 high v10 c=0 OK
[170/330] s_oldv7 9 high v10 c=0 OK
[171/330] s_oracle 0 high v10 c=0 OK
[172/330] s_oracle 1 high v10 c=0 OK
[173/330] s_oracle 2 high v10 c=0 OK
[174/330] s_oracle 3 high v10 c=0 OK
[175/330] s_oracle 4 high v10 c=0 OK
[176/330] s_oracle 5 high v10 c=0 OK
[177/330] s_oracle 6 high v10 c=0 OK
[178/330] s_oracle 7 high v10 c=0 OK
[179/330] s_oracle 8 high v10 c=0 OK
[180/330] s_oracle 9 high v10 c=0 OK
[181/330] s0_nobrake 0 low v7 c=0 OK
[182/330] s0_nobrake 1 low v7 c=0 OK
[183/330] s0_nobrake 2 low v7 c=0 OK
[184/330] s0_nobrake 3 low v7 c=0 OK
[185/330] s0_nobrake 4 low v7 c=0 OK
[186/330] s0_nobrake 5 low v7 c=0 OK
[187/330] s0_nobrake 6 low v7 c=0 OK
[188/330] s0_nobrake 7 low v7 c=0 OK
[189/330] s0_nobrake 8 low v7 c=0 OK
[190/330] s0_nobrake 9 low v7 c=0 OK
[191/330] s1_gauge_ignored 0 low v7 c=0 OK
[192/330] s1_gauge_ignored 1 low v7 c=0 OK
[193/330] s1_gauge_ignored 2 low v7 c=0 OK
[194/330] s1_gauge_ignored 3 low v7 c=0 OK
[195/330] s1_gauge_ignored 4 low v7 c=0 OK
[196/330] s1_gauge_ignored 5 low v7 c=0 OK
[197/330] s1_gauge_ignored 6 low v7 c=0 OK
[198/330] s1_gauge_ignored 7 low v7 c=0 OK
[199/330] s1_gauge_ignored 8 low v7 c=0 OK
[200/330] s1_gauge_ignored 9 low v7 c=0 OK
[201/330] s_oldv7 0 low v7 c=0 OK
[202/330] s_oldv7 1 low v7 c=0 OK
[203/330] s_oldv7 2 low v7 c=0 OK
[204/330] s_oldv7 3 low v7 c=0 OK
[205/330] s_oldv7 4 low v7 c=0 OK
[206/330] s_oldv7 5 low v7 c=0 OK
[207/330] s_oldv7 6 low v7 c=0 OK
[208/330] s_oldv7 7 low v7 c=0 OK
[209/330] s_oldv7 8 low v7 c=0 OK
[210/330] s_oldv7 9 low v7 c=0 OK
[211/330] s0_nobrake 0 low v10 c=1 OK
[212/330] s0_nobrake 1 low v10 c=1 OK
[213/330] s0_nobrake 2 low v10 c=1 OK
[214/330] s0_nobrake 3 low v10 c=1 OK
[215/330] s0_nobrake 4 low v10 c=1 OK
[216/330] s0_nobrake 5 low v10 c=1 OK
[217/330] s0_nobrake 6 low v10 c=1 OK
[218/330] s0_nobrake 7 low v10 c=1 OK
[219/330] s0_nobrake 8 low v10 c=1 OK
[220/330] s0_nobrake 9 low v10 c=1 OK
[221/330] s0_nobrake 0 high v10 c=1 OK
[222/330] s0_nobrake 1 high v10 c=1 OK
[223/330] s0_nobrake 2 high v10 c=1 OK
[224/330] s0_nobrake 3 high v10 c=1 OK
[225/330] s0_nobrake 4 high v10 c=1 OK
[226/330] s0_nobrake 5 high v10 c=1 OK
[227/330] s0_nobrake 6 high v10 c=1 OK
[228/330] s0_nobrake 7 high v10 c=1 OK
[229/330] s0_nobrake 8 high v10 c=1 OK
[230/330] s0_nobrake 9 high v10 c=1 OK
[231/330] s1_gauge_ignored 0 low v10 c=1 OK
[232/330] s1_gauge_ignored 1 low v10 c=1 OK
[233/330] s1_gauge_ignored 2 low v10 c=1 OK
[234/330] s1_gauge_ignored 3 low v10 c=1 OK
[235/330] s1_gauge_ignored 4 low v10 c=1 OK
[236/330] s1_gauge_ignored 5 low v10 c=1 OK
[237/330] s1_gauge_ignored 6 low v10 c=1 OK
[238/330] s1_gauge_ignored 7 low v10 c=1 OK
[239/330] s1_gauge_ignored 8 low v10 c=1 OK
[240/330] s1_gauge_ignored 9 low v10 c=1 OK
[241/330] s1_gauge_ignored 0 high v10 c=1 OK
[242/330] s1_gauge_ignored 1 high v10 c=1 OK
[243/330] s1_gauge_ignored 2 high v10 c=1 OK
[244/330] s1_gauge_ignored 3 high v10 c=1 OK
[245/330] s1_gauge_ignored 4 high v10 c=1 OK
[246/330] s1_gauge_ignored 5 high v10 c=1 OK
[247/330] s1_gauge_ignored 6 high v10 c=1 OK
[248/330] s1_gauge_ignored 7 high v10 c=1 OK
[249/330] s1_gauge_ignored 8 high v10 c=1 OK
[250/330] s1_gauge_ignored 9 high v10 c=1 OK
[251/330] s2_given_rule 0 low v10 c=1 OK
[252/330] s2_given_rule 1 low v10 c=1 OK
[253/330] s2_given_rule 2 low v10 c=1 OK
[254/330] s2_given_rule 3 low v10 c=1 OK
[255/330] s2_given_rule 4 low v10 c=1 OK
[256/330] s2_given_rule 5 low v10 c=1 OK
[257/330] s2_given_rule 6 low v10 c=1 OK
[258/330] s2_given_rule 7 low v10 c=1 OK
[259/330] s2_given_rule 8 low v10 c=1 OK
[260/330] s2_given_rule 9 low v10 c=1 OK
[261/330] s2_given_rule 0 high v10 c=1 OK
[262/330] s2_given_rule 1 high v10 c=1 OK
[263/330] s2_given_rule 2 high v10 c=1 OK
[264/330] s2_given_rule 3 high v10 c=1 OK
[265/330] s2_given_rule 4 high v10 c=1 OK
[266/330] s2_given_rule 5 high v10 c=1 OK
[267/330] s2_given_rule 6 high v10 c=1 OK
[268/330] s2_given_rule 7 high v10 c=1 OK
[269/330] s2_given_rule 8 high v10 c=1 OK
[270/330] s2_given_rule 9 high v10 c=1 OK
[271/330] s3_victim_keyed 0 low v10 c=1 OK
[272/330] s3_victim_keyed 1 low v10 c=1 OK
[273/330] s3_victim_keyed 2 low v10 c=1 OK
[274/330] s3_victim_keyed 3 low v10 c=1 OK
[275/330] s3_victim_keyed 4 low v10 c=1 OK
[276/330] s3_victim_keyed 5 low v10 c=1 OK
[277/330] s3_victim_keyed 6 low v10 c=1 OK
[278/330] s3_victim_keyed 7 low v10 c=1 OK
[279/330] s3_victim_keyed 8 low v10 c=1 OK
[280/330] s3_victim_keyed 9 low v10 c=1 OK
[281/330] s3_victim_keyed 0 high v10 c=1 OK
[282/330] s3_victim_keyed 1 high v10 c=1 OK
[283/330] s3_victim_keyed 2 high v10 c=1 OK
[284/330] s3_victim_keyed 3 high v10 c=1 OK
[285/330] s3_victim_keyed 4 high v10 c=1 OK
[286/330] s3_victim_keyed 5 high v10 c=1 OK
[287/330] s3_victim_keyed 6 high v10 c=1 OK
[288/330] s3_victim_keyed 7 high v10 c=1 OK
[289/330] s3_victim_keyed 8 high v10 c=1 OK
[290/330] s3_victim_keyed 9 high v10 c=1 OK
[291/330] s4_internalized 0 low v10 c=1 OK
[292/330] s4_internalized 1 low v10 c=1 OK
[293/330] s4_internalized 2 low v10 c=1 OK
[294/330] s4_internalized 3 low v10 c=1 OK
[295/330] s4_internalized 4 low v10 c=1 OK
[296/330] s4_internalized 5 low v10 c=1 OK
[297/330] s4_internalized 6 low v10 c=1 OK
[298/330] s4_internalized 7 low v10 c=1 OK
[299/330] s4_internalized 8 low v10 c=1 OK
[300/330] s4_internalized 9 low v10 c=1 OK
[301/330] s4_internalized 0 high v10 c=1 OK
[302/330] s4_internalized 1 high v10 c=1 OK
[303/330] s4_internalized 2 high v10 c=1 OK
[304/330] s4_internalized 3 high v10 c=1 OK
[305/330] s4_internalized 4 high v10 c=1 OK
[306/330] s4_internalized 5 high v10 c=1 OK
[307/330] s4_internalized 6 high v10 c=1 OK
[308/330] s4_internalized 7 high v10 c=1 OK
[309/330] s4_internalized 8 high v10 c=1 OK
[310/330] s4_internalized 9 high v10 c=1 OK
[311/330] s5_world_veto 0 low v10 c=1 OK
[312/330] s5_world_veto 1 low v10 c=1 OK
[313/330] s5_world_veto 2 low v10 c=1 OK
[314/330] s5_world_veto 3 low v10 c=1 OK
[315/330] s5_world_veto 4 low v10 c=1 OK
[316/330] s5_world_veto 5 low v10 c=1 OK
[317/330] s5_world_veto 6 low v10 c=1 OK
[318/330] s5_world_veto 7 low v10 c=1 OK
[319/330] s5_world_veto 8 low v10 c=1 OK
[320/330] s5_world_veto 9 low v10 c=1 OK
[321/330] s5_world_veto 0 high v10 c=1 OK
[322/330] s5_world_veto 1 high v10 c=1 OK
[323/330] s5_world_veto 2 high v10 c=1 OK
[324/330] s5_world_veto 3 high v10 c=1 OK
[325/330] s5_world_veto 4 high v10 c=1 OK
[326/330] s5_world_veto 5 high v10 c=1 OK
[327/330] s5_world_veto 6 high v10 c=1 OK
[328/330] s5_world_veto 7 high v10 c=1 OK
[329/330] s5_world_veto 8 high v10 c=1 OK
[330/330] s5_world_veto 9 high v10 c=1 OK
DONE 330 / 330
