[1/180] v9_union 0 on low on OK
[2/180] v9_union 1 on low on OK
[3/180] v9_union 2 on low on OK
[4/180] v9_union 3 on low on OK
[5/180] v9_union 4 on low on OK
[6/180] v9_union 5 on low on OK
[7/180] v9_union 6 on low on OK
[8/180] v9_union 7 on low on OK
[9/180] v9_union 8 on low on OK
[10/180] v9_union 9 on low on OK
[11/180] v9_stop 0 on low on OK
[12/180] v9_stop 1 on low on OK
[13/180] v9_stop 2 on low on OK
[14/180] v9_stop 3 on low on OK
[15/180] v9_stop 4 on low on OK
[16/180] v9_stop 5 on low on OK
[17/180] v9_stop 6 on low on OK
[18/180] v9_stop 7 on low on OK
[19/180] v9_stop 8 on low on OK
[20/180] v9_stop 9 on low on OK
[21/180] v9_noexp 0 on low on OK
[22/180] v9_noexp 1 on low on OK
[23/180] v9_noexp 2 on low on OK
[24/180] v9_noexp 3 on low on OK
[25/180] v9_noexp 4 on low on OK
[26/180] v9_noexp 5 on low on OK
[27/180] v9_noexp 6 on low on OK
[28/180] v9_noexp 7 on low on OK
[29/180] v9_noexp 8 on low on OK
[30/180] v9_noexp 9 on low on OK
[31/180] v9_noctx 0 on low on OK
[32/180] v9_noctx 1 on low on OK
[33/180] v9_noctx 2 on low on OK
[34/180] v9_noctx 3 on low on OK
[35/180] v9_noctx 4 on low on OK
[36/180] v9_noctx 5 on low on OK
[37/180] v9_noctx 6 on low on OK
[38/180] v9_noctx 7 on low on OK
[39/180] v9_noctx 8 on low on OK
[40/180] v9_noctx 9 on low on OK
[41/180] v9_fixed 0 on low on OK
[42/180] v9_fixed 1 on low on OK
[43/180] v9_fixed 2 on low on OK
[44/180] v9_fixed 3 on low on OK
[45/180] v9_fixed 4 on low on OK
[46/180] v9_fixed 5 on low on OK
[47/180] v9_fixed 6 on low on OK
[48/180] v9_fixed 7 on low on OK
[49/180] v9_fixed 8 on low on OK
[50/180] v9_fixed 9 on low on OK
[51/180] v9_old 0 on low on OK
[52/180] v9_old 1 on low on OK
[53/180] v9_old 2 on low on OK
[54/180] v9_old 3 on low on OK
[55/180] v9_old 4 on low on OK
[56/180] v9_old 5 on low on OK
[57/180] v9_old 6 on low on OK
[58/180] v9_old 7 on low on OK
[59/180] v9_old 8 on low on OK
[60/180] v9_old 9 on low on OK
[61/180] v9_oracle 0 on low on OK
[62/180] v9_oracle 1 on low on OK
[63/180] v9_oracle 2 on low on OK
[64/180] v9_oracle 3 on low on OK
[65/180] v9_oracle 4 on low on OK
[66/180] v9_oracle 5 on low on OK
[67/180] v9_oracle 6 on low on OK
[68/180] v9_oracle 7 on low on OK
[69/180] v9_oracle 8 on low on OK
[70/180] v9_oracle 9 on low on OK
[71/180] v9_forager 0 on low on OK
[72/180] v9_forager 1 on low on OK
[73/180] v9_forager 2 on low on OK
[74/180] v9_forager 3 on low on OK
[75/180] v9_forager 4 on low on OK
[76/180] v9_forager 5 on low on OK
[77/180] v9_forager 6 on low on OK
[78/180] v9_forager 7 on low on OK
[79/180] v9_forager 8 on low on OK
[80/180] v9_forager 9 on low on OK
[81/180] v9_random 0 on low on OK
[82/180] v9_random 1 on low on OK
[83/180] v9_random 2 on low on OK
[84/180] v9_random 3 on low on OK
[85/180] v9_random 4 on low on OK
[86/180] v9_random 5 on low on OK
[87/180] v9_random 6 on low on OK
[88/180] v9_random 7 on low on OK
[89/180] v9_random 8 on low on OK
[90/180] v9_random 9 on low on OK
[91/180] v9_union 0 on high on OK
[92/180] v9_union 1 on high on OK
[93/180] v9_union 2 on high on OK
[94/180] v9_union 3 on high on OK
[95/180] v9_union 4 on high on OK
[96/180] v9_union 5 on high on OK
[97/180] v9_union 6 on high on OK
[98/180] v9_union 7 on high on OK
[99/180] v9_union 8 on high on OK
[100/180] v9_union 9 on high on OK
[101/180] v9_stop 0 on high on OK
[102/180] v9_stop 1 on high on OK
[103/180] v9_stop 2 on high on OK
[104/180] v9_stop 3 on high on OK
[105/180] v9_stop 4 on high on OK
[106/180] v9_stop 5 on high on OK
[107/180] v9_stop 6 on high on OK
[108/180] v9_stop 7 on high on OK
[109/180] v9_stop 8 on high on OK
[110/180] v9_stop 9 on high on OK
[111/180] v9_noexp 0 on high on OK
[112/180] v9_noexp 1 on high on OK
[113/180] v9_noexp 2 on high on OK
[114/180] v9_noexp 3 on high on OK
[115/180] v9_noexp 4 on high on OK
[116/180] v9_noexp 5 on high on OK
[117/180] v9_noexp 6 on high on OK
[118/180] v9_noexp 7 on high on OK
[119/180] v9_noexp 8 on high on OK
[120/180] v9_noexp 9 on high on OK
[121/180] v9_noctx 0 on high on OK
[122/180] v9_noctx 1 on high on OK
[123/180] v9_noctx 2 on high on OK
[124/180] v9_noctx 3 on high on OK
[125/180] v9_noctx 4 on high on OK
[126/180] v9_noctx 5 on high on OK
[127/180] v9_noctx 6 on high on OK
[128/180] v9_noctx 7 on high on OK
[129/180] v9_noctx 8 on high on OK
[130/180] v9_noctx 9 on high on OK
[131/180] v9_fixed 0 on high on OK
[132/180] v9_fixed 1 on high on OK
[133/180] v9_fixed 2 on high on OK
[134/180] v9_fixed 3 on high on OK
[135/180] v9_fixed 4 on high on OK
[136/180] v9_fixed 5 on high on OK
[137/180] v9_fixed 6 on high on OK
[138/180] v9_fixed 7 on high on OK
[139/180] v9_fixed 8 on high on OK
[140/180] v9_fixed 9 on high on OK
[141/180] v9_old 0 on high on OK
[142/180] v9_old 1 on high on OK
[143/180] v9_old 2 on high on OK
[144/180] v9_old 3 on high on OK
[145/180] v9_old 4 on high on OK
[146/180] v9_old 5 on high on OK
[147/180] v9_old 6 on high on OK
[148/180] v9_old 7 on high on OK
[149/180] v9_old 8 on high on OK
[150/180] v9_old 9 on high on OK
[151/180] v9_union 0 off low on OK
[152/180] v9_union 1 off low on OK
[153/180] v9_union 2 off low on OK
[154/180] v9_union 3 off low on OK
[155/180] v9_union 4 off low on OK
[156/180] v9_union 5 off low on OK
[157/180] v9_union 6 off low on OK
[158/180] v9_union 7 off low on OK
[159/180] v9_union 8 off low on OK
[160/180] v9_union 9 off low on OK
[161/180] v9_fixed 0 off low on OK
[162/180] v9_fixed 1 off low on OK
[163/180] v9_fixed 2 off low on OK
[164/180] v9_fixed 3 off low on OK
[165/180] v9_fixed 4 off low on OK
[166/180] v9_fixed 5 off low on OK
[167/180] v9_fixed 6 off low on OK
[168/180] v9_fixed 7 off low on OK
[169/180] v9_fixed 8 off low on OK
[170/180] v9_fixed 9 off low on OK
[171/180] v9_old 0 off low on OK
[172/180] v9_old 1 off low on OK
[173/180] v9_old 2 off low on OK
[174/180] v9_old 3 off low on OK
[175/180] v9_old 4 off low on OK
[176/180] v9_old 5 off low on OK
[177/180] v9_old 6 off low on OK
[178/180] v9_old 7 off low on OK
[179/180] v9_old 8 off low on OK
[180/180] v9_old 9 off low on OK
DONE 180 / 180
