[1/404] graded_s0_g0.20_q0.0_n_on OK
[2/404] graded_s1_g0.20_q0.0_n_on OK
[3/404] graded_s2_g0.20_q0.0_n_on OK
[4/404] graded_s3_g0.20_q0.0_n_on OK
[5/404] graded_s4_g0.20_q0.0_n_on OK
[6/404] graded_s5_g0.20_q0.0_n_on OK
[7/404] graded_s6_g0.20_q0.0_n_on OK
[8/404] graded_s7_g0.20_q0.0_n_on OK
[9/404] graded_s0_g0.10_q0.0_n_on OK
[10/404] graded_s1_g0.10_q0.0_n_on OK
[11/404] graded_s2_g0.10_q0.0_n_on OK
[12/404] graded_s3_g0.10_q0.0_n_on OK
[13/404] graded_s4_g0.10_q0.0_n_on OK
[14/404] graded_s5_g0.10_q0.0_n_on OK
[15/404] graded_s6_g0.10_q0.0_n_on OK
[16/404] graded_s7_g0.10_q0.0_n_on OK
[17/404] graded_s0_g0.05_q0.0_n_on OK
[18/404] graded_s1_g0.05_q0.0_n_on OK
[19/404] graded_s2_g0.05_q0.0_n_on OK
[20/404] graded_s3_g0.05_q0.0_n_on OK
[21/404] graded_s4_g0.05_q0.0_n_on OK
[22/404] graded_s5_g0.05_q0.0_n_on OK
[23/404] graded_s6_g0.05_q0.0_n_on OK
[24/404] graded_s7_g0.05_q0.0_n_on OK
[25/404] graded_s0_g0.03_q0.0_n_on OK
[26/404] graded_s1_g0.03_q0.0_n_on OK
[27/404] graded_s2_g0.03_q0.0_n_on OK
[28/404] graded_s3_g0.03_q0.0_n_on OK
[29/404] graded_s4_g0.03_q0.0_n_on OK
[30/404] graded_s5_g0.03_q0.0_n_on OK
[31/404] graded_s6_g0.03_q0.0_n_on OK
[32/404] graded_s7_g0.03_q0.0_n_on OK
[33/404] graded1_s0_g0.20_q0.0_n_on OK
[34/404] graded1_s1_g0.20_q0.0_n_on OK
[35/404] graded1_s2_g0.20_q0.0_n_on OK
[36/404] graded1_s3_g0.20_q0.0_n_on OK
[37/404] graded1_s4_g0.20_q0.0_n_on OK
[38/404] graded1_s5_g0.20_q0.0_n_on OK
[39/404] graded1_s6_g0.20_q0.0_n_on OK
[40/404] graded1_s7_g0.20_q0.0_n_on OK
[41/404] graded1_s0_g0.10_q0.0_n_on OK
[42/404] graded1_s1_g0.10_q0.0_n_on OK
[43/404] graded1_s2_g0.10_q0.0_n_on OK
[44/404] graded1_s3_g0.10_q0.0_n_on OK
[45/404] graded1_s4_g0.10_q0.0_n_on OK
[46/404] graded1_s5_g0.10_q0.0_n_on OK
[47/404] graded1_s6_g0.10_q0.0_n_on OK
[48/404] graded1_s7_g0.10_q0.0_n_on OK
[49/404] graded1_s0_g0.05_q0.0_n_on OK
[50/404] graded1_s1_g0.05_q0.0_n_on OK
[51/404] graded1_s2_g0.05_q0.0_n_on OK
[52/404] graded1_s3_g0.05_q0.0_n_on OK
[53/404] graded1_s4_g0.05_q0.0_n_on OK
[54/404] graded1_s5_g0.05_q0.0_n_on OK
[55/404] graded1_s6_g0.05_q0.0_n_on OK
[56/404] graded1_s7_g0.05_q0.0_n_on OK
[57/404] graded1_s0_g0.03_q0.0_n_on OK
[58/404] graded1_s1_g0.03_q0.0_n_on OK
[59/404] graded1_s2_g0.03_q0.0_n_on OK
[60/404] graded1_s3_g0.03_q0.0_n_on OK
[61/404] graded1_s4_g0.03_q0.0_n_on OK
[62/404] graded1_s5_g0.03_q0.0_n_on OK
[63/404] graded1_s6_g0.03_q0.0_n_on OK
[64/404] graded1_s7_g0.03_q0.0_n_on OK
[65/404] threshold_s0_g0.20_q0.0_n_on OK
[66/404] threshold_s1_g0.20_q0.0_n_on OK
[67/404] threshold_s2_g0.20_q0.0_n_on OK
[68/404] threshold_s3_g0.20_q0.0_n_on OK
[69/404] threshold_s4_g0.20_q0.0_n_on OK
[70/404] threshold_s5_g0.20_q0.0_n_on OK
[71/404] threshold_s6_g0.20_q0.0_n_on OK
[72/404] threshold_s7_g0.20_q0.0_n_on OK
[73/404] threshold_s0_g0.10_q0.0_n_on OK
[74/404] threshold_s1_g0.10_q0.0_n_on OK
[75/404] threshold_s2_g0.10_q0.0_n_on OK
[76/404] threshold_s3_g0.10_q0.0_n_on OK
[77/404] threshold_s4_g0.10_q0.0_n_on OK
[78/404] threshold_s5_g0.10_q0.0_n_on OK
[79/404] threshold_s6_g0.10_q0.0_n_on OK
[80/404] threshold_s7_g0.10_q0.0_n_on OK
[81/404] threshold_s0_g0.05_q0.0_n_on OK
[82/404] threshold_s1_g0.05_q0.0_n_on OK
[83/404] threshold_s2_g0.05_q0.0_n_on OK
[84/404] threshold_s3_g0.05_q0.0_n_on OK
[85/404] threshold_s4_g0.05_q0.0_n_on OK
[86/404] threshold_s5_g0.05_q0.0_n_on OK
[87/404] threshold_s6_g0.05_q0.0_n_on OK
[88/404] threshold_s7_g0.05_q0.0_n_on OK
[89/404] threshold_s0_g0.03_q0.0_n_on OK
[90/404] threshold_s1_g0.03_q0.0_n_on OK
[91/404] threshold_s2_g0.03_q0.0_n_on OK
[92/404] threshold_s3_g0.03_q0.0_n_on OK
[93/404] threshold_s4_g0.03_q0.0_n_on OK
[94/404] threshold_s5_g0.03_q0.0_n_on OK
[95/404] threshold_s6_g0.03_q0.0_n_on OK
[96/404] threshold_s7_g0.03_q0.0_n_on OK
[97/404] thresholdpool_s0_g0.20_q0.0_n_on OK
[98/404] thresholdpool_s1_g0.20_q0.0_n_on OK
[99/404] thresholdpool_s2_g0.20_q0.0_n_on OK
[100/404] thresholdpool_s3_g0.20_q0.0_n_on OK
[101/404] thresholdpool_s4_g0.20_q0.0_n_on OK
[102/404] thresholdpool_s5_g0.20_q0.0_n_on OK
[103/404] thresholdpool_s6_g0.20_q0.0_n_on OK
[104/404] thresholdpool_s7_g0.20_q0.0_n_on OK
[105/404] thresholdpool_s0_g0.10_q0.0_n_on OK
[106/404] thresholdpool_s1_g0.10_q0.0_n_on OK
[107/404] thresholdpool_s2_g0.10_q0.0_n_on OK
[108/404] thresholdpool_s3_g0.10_q0.0_n_on OK
[109/404] thresholdpool_s4_g0.10_q0.0_n_on OK
[110/404] thresholdpool_s5_g0.10_q0.0_n_on OK
[111/404] thresholdpool_s6_g0.10_q0.0_n_on OK
[112/404] thresholdpool_s7_g0.10_q0.0_n_on OK
[113/404] thresholdpool_s0_g0.05_q0.0_n_on OK
[114/404] thresholdpool_s1_g0.05_q0.0_n_on OK
[115/404] thresholdpool_s2_g0.05_q0.0_n_on OK
[116/404] thresholdpool_s3_g0.05_q0.0_n_on OK
[117/404] thresholdpool_s4_g0.05_q0.0_n_on OK
[118/404] thresholdpool_s5_g0.05_q0.0_n_on OK
[119/404] thresholdpool_s6_g0.05_q0.0_n_on OK
[120/404] thresholdpool_s7_g0.05_q0.0_n_on OK
[121/404] thresholdpool_s0_g0.03_q0.0_n_on OK
[122/404] thresholdpool_s1_g0.03_q0.0_n_on OK
[123/404] thresholdpool_s2_g0.03_q0.0_n_on OK
[124/404] thresholdpool_s3_g0.03_q0.0_n_on OK
[125/404] thresholdpool_s4_g0.03_q0.0_n_on OK
[126/404] thresholdpool_s5_g0.03_q0.0_n_on OK
[127/404] thresholdpool_s6_g0.03_q0.0_n_on OK
[128/404] thresholdpool_s7_g0.03_q0.0_n_on OK
[129/404] coin_s0_g0.20_q0.0_n_on OK
[130/404] coin_s1_g0.20_q0.0_n_on OK
[131/404] coin_s2_g0.20_q0.0_n_on OK
[132/404] coin_s3_g0.20_q0.0_n_on OK
[133/404] coin_s4_g0.20_q0.0_n_on OK
[134/404] coin_s5_g0.20_q0.0_n_on OK
[135/404] coin_s6_g0.20_q0.0_n_on OK
[136/404] coin_s7_g0.20_q0.0_n_on OK
[137/404] coin_s0_g0.10_q0.0_n_on OK
[138/404] coin_s1_g0.10_q0.0_n_on OK
[139/404] coin_s2_g0.10_q0.0_n_on OK
[140/404] coin_s3_g0.10_q0.0_n_on OK
[141/404] coin_s4_g0.10_q0.0_n_on OK
[142/404] coin_s5_g0.10_q0.0_n_on OK
[143/404] coin_s6_g0.10_q0.0_n_on OK
[144/404] coin_s7_g0.10_q0.0_n_on OK
[145/404] coin_s0_g0.05_q0.0_n_on OK
[146/404] coin_s1_g0.05_q0.0_n_on OK
[147/404] coin_s2_g0.05_q0.0_n_on OK
[148/404] coin_s3_g0.05_q0.0_n_on OK
[149/404] coin_s4_g0.05_q0.0_n_on OK
[150/404] coin_s5_g0.05_q0.0_n_on OK
[151/404] coin_s6_g0.05_q0.0_n_on OK
[152/404] coin_s7_g0.05_q0.0_n_on OK
[153/404] coin_s0_g0.03_q0.0_n_on OK
[154/404] coin_s1_g0.03_q0.0_n_on OK
[155/404] coin_s2_g0.03_q0.0_n_on OK
[156/404] coin_s3_g0.03_q0.0_n_on OK
[157/404] coin_s4_g0.03_q0.0_n_on OK
[158/404] coin_s5_g0.03_q0.0_n_on OK
[159/404] coin_s6_g0.03_q0.0_n_on OK
[160/404] coin_s7_g0.03_q0.0_n_on OK
[161/404] oracle_s0_g0.20_q0.0_n_on OK
[162/404] oracle_s1_g0.20_q0.0_n_on OK
[163/404] oracle_s2_g0.20_q0.0_n_on OK
[164/404] oracle_s3_g0.20_q0.0_n_on OK
[165/404] oracle_s4_g0.20_q0.0_n_on OK
[166/404] oracle_s5_g0.20_q0.0_n_on OK
[167/404] oracle_s6_g0.20_q0.0_n_on OK
[168/404] oracle_s7_g0.20_q0.0_n_on OK
[169/404] oracle_s0_g0.10_q0.0_n_on OK
[170/404] oracle_s1_g0.10_q0.0_n_on OK
[171/404] oracle_s2_g0.10_q0.0_n_on OK
[172/404] oracle_s3_g0.10_q0.0_n_on OK
[173/404] oracle_s4_g0.10_q0.0_n_on OK
[174/404] oracle_s5_g0.10_q0.0_n_on OK
[175/404] oracle_s6_g0.10_q0.0_n_on OK
[176/404] oracle_s7_g0.10_q0.0_n_on OK
[177/404] oracle_s0_g0.05_q0.0_n_on OK
[178/404] oracle_s1_g0.05_q0.0_n_on OK
[179/404] oracle_s2_g0.05_q0.0_n_on OK
[180/404] oracle_s3_g0.05_q0.0_n_on OK
[181/404] oracle_s4_g0.05_q0.0_n_on OK
[182/404] oracle_s5_g0.05_q0.0_n_on OK
[183/404] oracle_s6_g0.05_q0.0_n_on OK
[184/404] oracle_s7_g0.05_q0.0_n_on OK
[185/404] oracle_s0_g0.03_q0.0_n_on OK
[186/404] oracle_s1_g0.03_q0.0_n_on OK
[187/404] oracle_s2_g0.03_q0.0_n_on OK
[188/404] oracle_s3_g0.03_q0.0_n_on OK
[189/404] oracle_s4_g0.03_q0.0_n_on OK
[190/404] oracle_s5_g0.03_q0.0_n_on OK
[191/404] oracle_s6_g0.03_q0.0_n_on OK
[192/404] oracle_s7_g0.03_q0.0_n_on OK
[193/404] rot_s0_g0.20_q0.0_n_on OK
[194/404] rot_s1_g0.20_q0.0_n_on OK
[195/404] rot_s2_g0.20_q0.0_n_on OK
[196/404] rot_s3_g0.20_q0.0_n_on OK
[197/404] rot_s4_g0.20_q0.0_n_on OK
[198/404] rot_s5_g0.20_q0.0_n_on OK
[199/404] rot_s6_g0.20_q0.0_n_on OK
[200/404] rot_s7_g0.20_q0.0_n_on OK
[201/404] rot_s0_g0.10_q0.0_n_on OK
[202/404] rot_s1_g0.10_q0.0_n_on OK
[203/404] rot_s2_g0.10_q0.0_n_on OK
[204/404] rot_s3_g0.10_q0.0_n_on OK
[205/404] rot_s4_g0.10_q0.0_n_on OK
[206/404] rot_s5_g0.10_q0.0_n_on OK
[207/404] rot_s6_g0.10_q0.0_n_on OK
[208/404] rot_s7_g0.10_q0.0_n_on OK
[209/404] rot_s0_g0.05_q0.0_n_on OK
[210/404] rot_s1_g0.05_q0.0_n_on OK
[211/404] rot_s2_g0.05_q0.0_n_on OK
[212/404] rot_s3_g0.05_q0.0_n_on OK
[213/404] rot_s4_g0.05_q0.0_n_on OK
[214/404] rot_s5_g0.05_q0.0_n_on OK
[215/404] rot_s6_g0.05_q0.0_n_on OK
[216/404] rot_s7_g0.05_q0.0_n_on OK
[217/404] rot_s0_g0.03_q0.0_n_on OK
[218/404] rot_s1_g0.03_q0.0_n_on OK
[219/404] rot_s2_g0.03_q0.0_n_on OK
[220/404] rot_s3_g0.03_q0.0_n_on OK
[221/404] rot_s4_g0.03_q0.0_n_on OK
[222/404] rot_s5_g0.03_q0.0_n_on OK
[223/404] rot_s6_g0.03_q0.0_n_on OK
[224/404] rot_s7_g0.03_q0.0_n_on OK
[225/404] graded_t07_s0_g0.10_q0.0_n_on OK
[226/404] graded_t07_s1_g0.10_q0.0_n_on OK
[227/404] graded_t07_s2_g0.10_q0.0_n_on OK
[228/404] graded_t07_s3_g0.10_q0.0_n_on OK
[229/404] graded_t07_s4_g0.10_q0.0_n_on OK
[230/404] graded_t07_s5_g0.10_q0.0_n_on OK
[231/404] graded_t07_s6_g0.10_q0.0_n_on OK
[232/404] graded_t07_s7_g0.10_q0.0_n_on OK
[233/404] graded_t03_s0_g0.10_q0.0_n_on OK
[234/404] graded_t03_s1_g0.10_q0.0_n_on OK
[235/404] graded_t03_s2_g0.10_q0.0_n_on OK
[236/404] graded_t03_s3_g0.10_q0.0_n_on OK
[237/404] graded_t03_s4_g0.10_q0.0_n_on OK
[238/404] graded_t03_s5_g0.10_q0.0_n_on OK
[239/404] graded_t03_s6_g0.10_q0.0_n_on OK
[240/404] graded_t03_s7_g0.10_q0.0_n_on OK
[241/404] graded_s0_g0.20_q0.0_p_on OK
[242/404] graded_s1_g0.20_q0.0_p_on OK
[243/404] graded_s2_g0.20_q0.0_p_on OK
[244/404] graded_s3_g0.20_q0.0_p_on OK
[245/404] graded_s4_g0.20_q0.0_p_on OK
[246/404] graded_s5_g0.20_q0.0_p_on OK
[247/404] graded_s6_g0.20_q0.0_p_on OK
[248/404] graded_s7_g0.20_q0.0_p_on OK
[249/404] graded_s0_g0.10_q0.0_p_on OK
[250/404] graded_s1_g0.10_q0.0_p_on OK
[251/404] graded_s2_g0.10_q0.0_p_on OK
[252/404] graded_s3_g0.10_q0.0_p_on OK
[253/404] graded_s4_g0.10_q0.0_p_on OK
[254/404] graded_s5_g0.10_q0.0_p_on OK
[255/404] graded_s6_g0.10_q0.0_p_on OK
[256/404] graded_s7_g0.10_q0.0_p_on OK
[257/404] rot_s0_g0.20_q0.0_p_on OK
[258/404] rot_s1_g0.20_q0.0_p_on OK
[259/404] rot_s2_g0.20_q0.0_p_on OK
[260/404] rot_s3_g0.20_q0.0_p_on OK
[261/404] rot_s4_g0.20_q0.0_p_on OK
[262/404] rot_s5_g0.20_q0.0_p_on OK
[263/404] rot_s6_g0.20_q0.0_p_on OK
[264/404] rot_s7_g0.20_q0.0_p_on OK
[265/404] rot_s0_g0.10_q0.0_p_on OK
[266/404] rot_s1_g0.10_q0.0_p_on OK
[267/404] rot_s2_g0.10_q0.0_p_on OK
[268/404] rot_s3_g0.10_q0.0_p_on OK
[269/404] rot_s4_g0.10_q0.0_p_on OK
[270/404] rot_s5_g0.10_q0.0_p_on OK
[271/404] rot_s6_g0.10_q0.0_p_on OK
[272/404] rot_s7_g0.10_q0.0_p_on OK
[273/404] graded_s0_g0.10_q0.0_n_off OK
[274/404] graded_s1_g0.10_q0.0_n_off OK
[275/404] graded_s2_g0.10_q0.0_n_off OK
[276/404] graded_s3_g0.10_q0.0_n_off OK
[277/404] graded_s4_g0.10_q0.0_n_off OK
[278/404] graded_s5_g0.10_q0.0_n_off OK
[279/404] graded_s6_g0.10_q0.0_n_off OK
[280/404] graded_s7_g0.10_q0.0_n_off OK
[281/404] graded_s8_g0.10_q0.0_n_off OK
[282/404] graded_s9_g0.10_q0.0_n_off OK
[283/404] graded_s0_g0.10_q0.0_p_off OK
[284/404] graded_s1_g0.10_q0.0_p_off OK
[285/404] graded_s2_g0.10_q0.0_p_off OK
[286/404] graded_s3_g0.10_q0.0_p_off OK
[287/404] graded_s4_g0.10_q0.0_p_off OK
[288/404] graded_s5_g0.10_q0.0_p_off OK
[289/404] graded_s6_g0.10_q0.0_p_off OK
[290/404] graded_s7_g0.10_q0.0_p_off OK
[291/404] graded_s8_g0.10_q0.0_p_off OK
[292/404] graded_s9_g0.10_q0.0_p_off OK
[293/404] f_fresh_s0_g0.10_q0.0_n_on OK
[294/404] f_fresh_s1_g0.10_q0.0_n_on OK
[295/404] f_fresh_s2_g0.10_q0.0_n_on OK
[296/404] f_fresh_s3_g0.10_q0.0_n_on OK
[297/404] f_fresh_s4_g0.10_q0.0_n_on OK
[298/404] f_fresh_s5_g0.10_q0.0_n_on OK
[299/404] f_fresh_s6_g0.10_q0.0_n_on OK
[300/404] f_fresh_s7_g0.10_q0.0_n_on OK
[301/404] f_fresh_s0_g0.10_q0.25_n_on OK
[302/404] f_fresh_s1_g0.10_q0.25_n_on OK
[303/404] f_fresh_s2_g0.10_q0.25_n_on OK
[304/404] f_fresh_s3_g0.10_q0.25_n_on OK
[305/404] f_fresh_s4_g0.10_q0.25_n_on OK
[306/404] f_fresh_s5_g0.10_q0.25_n_on OK
[307/404] f_fresh_s6_g0.10_q0.25_n_on OK
[308/404] f_fresh_s7_g0.10_q0.25_n_on OK
[309/404] f_fresh_s0_g0.10_q0.5_n_on OK
[310/404] f_fresh_s1_g0.10_q0.5_n_on OK
[311/404] f_fresh_s2_g0.10_q0.5_n_on OK
[312/404] f_fresh_s3_g0.10_q0.5_n_on OK
[313/404] f_fresh_s4_g0.10_q0.5_n_on OK
[314/404] f_fresh_s5_g0.10_q0.5_n_on OK
[315/404] f_fresh_s6_g0.10_q0.5_n_on OK
[316/404] f_fresh_s7_g0.10_q0.5_n_on OK
[317/404] f_fresh_s0_g0.10_q0.75_n_on OK
[318/404] f_fresh_s1_g0.10_q0.75_n_on OK
[319/404] f_fresh_s2_g0.10_q0.75_n_on OK
[320/404] f_fresh_s3_g0.10_q0.75_n_on OK
[321/404] f_fresh_s4_g0.10_q0.75_n_on OK
[322/404] f_fresh_s5_g0.10_q0.75_n_on OK
[323/404] f_fresh_s6_g0.10_q0.75_n_on OK
[324/404] f_fresh_s7_g0.10_q0.75_n_on OK
[325/404] f_fresh_s0_g0.10_q1.0_n_on OK
[326/404] f_fresh_s1_g0.10_q1.0_n_on OK
[327/404] f_fresh_s2_g0.10_q1.0_n_on OK
[328/404] f_fresh_s3_g0.10_q1.0_n_on OK
[329/404] f_fresh_s4_g0.10_q1.0_n_on OK
[330/404] f_fresh_s5_g0.10_q1.0_n_on OK
[331/404] f_fresh_s6_g0.10_q1.0_n_on OK
[332/404] f_fresh_s7_g0.10_q1.0_n_on OK
[333/404] f_carry_s0_g0.10_q0.0_n_on OK
[334/404] f_carry_s1_g0.10_q0.0_n_on OK
[335/404] f_carry_s2_g0.10_q0.0_n_on OK
[336/404] f_carry_s3_g0.10_q0.0_n_on OK
[337/404] f_carry_s4_g0.10_q0.0_n_on OK
[338/404] f_carry_s5_g0.10_q0.0_n_on OK
[339/404] f_carry_s6_g0.10_q0.0_n_on OK
[340/404] f_carry_s7_g0.10_q0.0_n_on OK
[341/404] f_carry_s0_g0.10_q0.25_n_on OK
[342/404] f_carry_s1_g0.10_q0.25_n_on OK
[343/404] f_carry_s2_g0.10_q0.25_n_on OK
[344/404] f_carry_s3_g0.10_q0.25_n_on OK
[345/404] f_carry_s4_g0.10_q0.25_n_on OK
[346/404] f_carry_s5_g0.10_q0.25_n_on OK
[347/404] f_carry_s6_g0.10_q0.25_n_on OK
[348/404] f_carry_s7_g0.10_q0.25_n_on OK
[349/404] f_carry_s0_g0.10_q0.5_n_on OK
[350/404] f_carry_s1_g0.10_q0.5_n_on OK
[351/404] f_carry_s2_g0.10_q0.5_n_on OK
[352/404] f_carry_s3_g0.10_q0.5_n_on OK
[353/404] f_carry_s4_g0.10_q0.5_n_on OK
[354/404] f_carry_s5_g0.10_q0.5_n_on OK
[355/404] f_carry_s6_g0.10_q0.5_n_on OK
[356/404] f_carry_s7_g0.10_q0.5_n_on OK
[357/404] f_carry_s0_g0.10_q0.75_n_on OK
[358/404] f_carry_s1_g0.10_q0.75_n_on OK
[359/404] f_carry_s2_g0.10_q0.75_n_on OK
[360/404] f_carry_s3_g0.10_q0.75_n_on OK
[361/404] f_carry_s4_g0.10_q0.75_n_on OK
[362/404] f_carry_s5_g0.10_q0.75_n_on OK
[363/404] f_carry_s6_g0.10_q0.75_n_on OK
[364/404] f_carry_s7_g0.10_q0.75_n_on OK
[365/404] f_carry_s0_g0.10_q1.0_n_on OK
[366/404] f_carry_s1_g0.10_q1.0_n_on OK
[367/404] f_carry_s2_g0.10_q1.0_n_on OK
[368/404] f_carry_s3_g0.10_q1.0_n_on OK
[369/404] f_carry_s4_g0.10_q1.0_n_on OK
[370/404] f_carry_s5_g0.10_q1.0_n_on OK
[371/404] f_carry_s6_g0.10_q1.0_n_on OK
[372/404] f_carry_s7_g0.10_q1.0_n_on OK
[373/404] oracle_s0_g0.10_q0.25_n_on OK
[374/404] oracle_s1_g0.10_q0.25_n_on OK
[375/404] oracle_s2_g0.10_q0.25_n_on OK
[376/404] oracle_s3_g0.10_q0.25_n_on OK
[377/404] oracle_s4_g0.10_q0.25_n_on OK
[378/404] oracle_s5_g0.10_q0.25_n_on OK
[379/404] oracle_s6_g0.10_q0.25_n_on OK
[380/404] oracle_s7_g0.10_q0.25_n_on OK
[381/404] oracle_s0_g0.10_q0.5_n_on OK
[382/404] oracle_s1_g0.10_q0.5_n_on OK
[383/404] oracle_s2_g0.10_q0.5_n_on OK
[384/404] oracle_s3_g0.10_q0.5_n_on OK
[385/404] oracle_s4_g0.10_q0.5_n_on OK
[386/404] oracle_s5_g0.10_q0.5_n_on OK
[387/404] oracle_s6_g0.10_q0.5_n_on OK
[388/404] oracle_s7_g0.10_q0.5_n_on OK
[389/404] oracle_s0_g0.10_q0.75_n_on OK
[390/404] oracle_s1_g0.10_q0.75_n_on OK
[391/404] oracle_s2_g0.10_q0.75_n_on OK
[392/404] oracle_s3_g0.10_q0.75_n_on OK
[393/404] oracle_s4_g0.10_q0.75_n_on OK
[394/404] oracle_s5_g0.10_q0.75_n_on OK
[395/404] oracle_s6_g0.10_q0.75_n_on OK
[396/404] oracle_s7_g0.10_q0.75_n_on OK
[397/404] oracle_s0_g0.10_q1.0_n_on OK
[398/404] oracle_s1_g0.10_q1.0_n_on OK
[399/404] oracle_s2_g0.10_q1.0_n_on OK
[400/404] oracle_s3_g0.10_q1.0_n_on OK
[401/404] oracle_s4_g0.10_q1.0_n_on OK
[402/404] oracle_s5_g0.10_q1.0_n_on OK
[403/404] oracle_s6_g0.10_q1.0_n_on OK
[404/404] oracle_s7_g0.10_q1.0_n_on OK
DONE 404/404
