skip seed 10 truth=True
skip seed 10 truth=False
skip seed 11 truth=True
skip seed 11 truth=False
skip seed 12 truth=True
skip seed 12 truth=False
skip seed 13 truth=True
skip seed 13 truth=False
skip seed 14 truth=True
skip seed 14 truth=False
skip seed 15 truth=True
skip seed 15 truth=False
skip seed 16 truth=True
skip seed 16 truth=False
skip seed 17 truth=True
skip seed 17 truth=False
skip seed 18 truth=True
skip seed 18 truth=False
skip seed 19 truth=True
skip seed 19 truth=False
skip seed 20 truth=True
skip seed 20 truth=False
skip seed 21 truth=True
skip seed 21 truth=False
skip seed 22 truth=True
skip seed 22 truth=False
skip seed 23 truth=True
skip seed 23 truth=False
skip seed 24 truth=True
skip seed 24 truth=False
skip seed 25 truth=True
skip seed 25 truth=False
skip seed 26 truth=True
skip seed 26 truth=False
skip seed 27 truth=True
skip seed 27 truth=False
skip seed 28 truth=True
skip seed 28 truth=False
skip seed 29 truth=True
skip seed 29 truth=False
skip seed 30 truth=True
skip seed 30 truth=False
skip seed 31 truth=True
skip seed 31 truth=False
skip seed 32 truth=True
skip seed 32 truth=False
skip seed 33 truth=True
skip seed 33 truth=False
skip seed 34 truth=True
skip seed 34 truth=False
skip seed 35 truth=True
skip seed 35 truth=False
skip seed 36 truth=True
skip seed 36 truth=False
skip seed 37 truth=True
skip seed 37 truth=False
skip seed 38 truth=True
skip seed 38 truth=False
skip seed 39 truth=True
skip seed 39 truth=False
skip seed 40 truth=True
skip seed 40 truth=False
skip seed 41 truth=True
skip seed 41 truth=False
skip seed 42 truth=True
skip seed 42 truth=False
skip seed 43 truth=True
skip seed 43 truth=False
skip seed 44 truth=True
skip seed 44 truth=False
skip seed 45 truth=True
skip seed 45 truth=False
skip seed 46 truth=True
skip seed 46 truth=False
skip seed 47 truth=True
skip seed 47 truth=False
skip seed 48 truth=True
skip seed 48 truth=False
skip seed 49 truth=True
skip seed 49 truth=False
skip seed 50 truth=True
skip seed 50 truth=False
skip seed 51 truth=True
skip seed 51 truth=False
skip seed 52 truth=True
skip seed 52 truth=False
skip seed 53 truth=True
skip seed 53 truth=False
skip seed 54 truth=True
skip seed 54 truth=False
skip seed 55 truth=True
skip seed 55 truth=False
skip seed 56 truth=True
skip seed 56 truth=False
skip seed 57 truth=True
skip seed 57 truth=False
skip seed 58 truth=True
skip seed 58 truth=False
skip seed 59 truth=True
skip seed 59 truth=False
[101/40] seed 60 truth=True OK
skip seed 60 truth=False
[103/40] seed 61 truth=True OK
skip seed 61 truth=False
[105/40] seed 62 truth=True OK
skip seed 62 truth=False
[107/40] seed 63 truth=True OK
skip seed 63 truth=False
[109/40] seed 64 truth=True OK
skip seed 64 truth=False
[111/40] seed 65 truth=True OK
skip seed 65 truth=False
[113/40] seed 66 truth=True OK
skip seed 66 truth=False
[115/40] seed 67 truth=True OK
skip seed 67 truth=False
[117/40] seed 68 truth=True OK
skip seed 68 truth=False
[119/40] seed 69 truth=True OK
skip seed 69 truth=False
[121/40] seed 70 truth=True OK
skip seed 70 truth=False
[123/40] seed 71 truth=True OK
skip seed 71 truth=False
[125/40] seed 72 truth=True OK
skip seed 72 truth=False
[127/40] seed 73 truth=True OK
skip seed 73 truth=False
[129/40] seed 74 truth=True OK
skip seed 74 truth=False
[131/40] seed 75 truth=True OK
skip seed 75 truth=False
[133/40] seed 76 truth=True OK
skip seed 76 truth=False
[135/40] seed 77 truth=True OK
skip seed 77 truth=False
[137/40] seed 78 truth=True OK
skip seed 78 truth=False
[139/40] seed 79 truth=True OK
skip seed 79 truth=False
[141/40] seed 80 truth=True OK
skip seed 80 truth=False
[143/40] seed 81 truth=True OK
skip seed 81 truth=False
[145/40] seed 82 truth=True OK
skip seed 82 truth=False
[147/40] seed 83 truth=True OK
skip seed 83 truth=False
[149/40] seed 84 truth=True OK
skip seed 84 truth=False
[151/40] seed 85 truth=True OK
skip seed 85 truth=False
[153/40] seed 86 truth=True OK
skip seed 86 truth=False
[155/40] seed 87 truth=True OK
skip seed 87 truth=False
[157/40] seed 88 truth=True OK
skip seed 88 truth=False
[159/40] seed 89 truth=True OK
skip seed 89 truth=False
[161/40] seed 90 truth=True OK
skip seed 90 truth=False
[163/40] seed 91 truth=True OK
skip seed 91 truth=False
[165/40] seed 92 truth=True OK
skip seed 92 truth=False
[167/40] seed 93 truth=True OK
skip seed 93 truth=False
[169/40] seed 94 truth=True OK
skip seed 94 truth=False
[171/40] seed 95 truth=True OK
skip seed 95 truth=False
[173/40] seed 96 truth=True OK
skip seed 96 truth=False
[175/40] seed 97 truth=True OK
skip seed 97 truth=False
[177/40] seed 98 truth=True OK
skip seed 98 truth=False
[179/40] seed 99 truth=True OK
skip seed 99 truth=False
[181/40] seed 100 truth=True OK
skip seed 100 truth=False
[183/40] seed 101 truth=True OK
skip seed 101 truth=False
[185/40] seed 102 truth=True OK
skip seed 102 truth=False
[187/40] seed 103 truth=True OK
skip seed 103 truth=False
[189/40] seed 104 truth=True OK
skip seed 104 truth=False
[191/40] seed 105 truth=True OK
skip seed 105 truth=False
[193/40] seed 106 truth=True OK
skip seed 106 truth=False
[195/40] seed 107 truth=True OK
skip seed 107 truth=False
[197/40] seed 108 truth=True OK
skip seed 108 truth=False
[199/40] seed 109 truth=True OK
skip seed 109 truth=False
[201/40] seed 110 truth=True OK
skip seed 110 truth=False
[203/40] seed 111 truth=True OK
skip seed 111 truth=False
[205/40] seed 112 truth=True OK
skip seed 112 truth=False
[207/40] seed 113 truth=True OK
skip seed 113 truth=False
[209/40] seed 114 truth=True OK
skip seed 114 truth=False
[211/40] seed 115 truth=True OK
skip seed 115 truth=False
[213/40] seed 116 truth=True OK
skip seed 116 truth=False
[215/40] seed 117 truth=True OK
skip seed 117 truth=False
[217/40] seed 118 truth=True OK
skip seed 118 truth=False
[219/40] seed 119 truth=True OK
skip seed 119 truth=False
[221/40] seed 120 truth=True OK
skip seed 120 truth=False
[223/40] seed 121 truth=True OK
skip seed 121 truth=False
[225/40] seed 122 truth=True OK
skip seed 122 truth=False
[227/40] seed 123 truth=True OK
skip seed 123 truth=False
[229/40] seed 124 truth=True OK
skip seed 124 truth=False
[231/40] seed 125 truth=True OK
skip seed 125 truth=False
[233/40] seed 126 truth=True OK
skip seed 126 truth=False
[235/40] seed 127 truth=True OK
skip seed 127 truth=False
[237/40] seed 128 truth=True OK
skip seed 128 truth=False
[239/40] seed 129 truth=True OK
skip seed 129 truth=False
[241/40] seed 130 truth=True OK
skip seed 130 truth=False
[243/40] seed 131 truth=True OK
skip seed 131 truth=False
[245/40] seed 132 truth=True OK
skip seed 132 truth=False
[247/40] seed 133 truth=True OK
skip seed 133 truth=False
[249/40] seed 134 truth=True OK
skip seed 134 truth=False
[251/40] seed 135 truth=True OK
skip seed 135 truth=False
[253/40] seed 136 truth=True OK
skip seed 136 truth=False
[255/40] seed 137 truth=True OK
skip seed 137 truth=False
[257/40] seed 138 truth=True OK
skip seed 138 truth=False
[259/40] seed 139 truth=True OK
skip seed 139 truth=False
[261/40] seed 140 truth=True OK
skip seed 140 truth=False
[263/40] seed 141 truth=True OK
skip seed 141 truth=False
[265/40] seed 142 truth=True OK
skip seed 142 truth=False
[267/40] seed 143 truth=True OK
skip seed 143 truth=False
[269/40] seed 144 truth=True OK
skip seed 144 truth=False
[271/40] seed 145 truth=True OK
skip seed 145 truth=False
[273/40] seed 146 truth=True OK
skip seed 146 truth=False
[275/40] seed 147 truth=True OK
skip seed 147 truth=False
[277/40] seed 148 truth=True OK
skip seed 148 truth=False
[279/40] seed 149 truth=True OK
skip seed 149 truth=False
[281/40] seed 150 truth=True OK
skip seed 150 truth=False
[283/40] seed 151 truth=True OK
skip seed 151 truth=False
[285/40] seed 152 truth=True OK
skip seed 152 truth=False
[287/40] seed 153 truth=True OK
skip seed 153 truth=False
[289/40] seed 154 truth=True OK
skip seed 154 truth=False
[291/40] seed 155 truth=True OK
skip seed 155 truth=False
[293/40] seed 156 truth=True OK
skip seed 156 truth=False
[295/40] seed 157 truth=True OK
skip seed 157 truth=False
[297/40] seed 158 truth=True OK
skip seed 158 truth=False
[299/40] seed 159 truth=True OK
skip seed 159 truth=False
[301/40] seed 160 truth=True OK
skip seed 160 truth=False
[303/40] seed 161 truth=True OK
skip seed 161 truth=False
[305/40] seed 162 truth=True OK
skip seed 162 truth=False
[307/40] seed 163 truth=True OK
skip seed 163 truth=False
[309/40] seed 164 truth=True OK
skip seed 164 truth=False
[311/40] seed 165 truth=True OK
skip seed 165 truth=False
[313/40] seed 166 truth=True OK
skip seed 166 truth=False
[315/40] seed 167 truth=True OK
skip seed 167 truth=False
[317/40] seed 168 truth=True OK
skip seed 168 truth=False
[319/40] seed 169 truth=True OK
skip seed 169 truth=False
[321/40] seed 170 truth=True OK
skip seed 170 truth=False
[323/40] seed 171 truth=True OK
skip seed 171 truth=False
[325/40] seed 172 truth=True OK
skip seed 172 truth=False
[327/40] seed 173 truth=True OK
skip seed 173 truth=False
[329/40] seed 174 truth=True OK
skip seed 174 truth=False
[331/40] seed 175 truth=True OK
skip seed 175 truth=False
[333/40] seed 176 truth=True OK
skip seed 176 truth=False
[335/40] seed 177 truth=True OK
skip seed 177 truth=False
[337/40] seed 178 truth=True OK
skip seed 178 truth=False
[339/40] seed 179 truth=True OK
skip seed 179 truth=False
[341/40] seed 180 truth=True OK
skip seed 180 truth=False
[343/40] seed 181 truth=True OK
skip seed 181 truth=False
[345/40] seed 182 truth=True OK
skip seed 182 truth=False
[347/40] seed 183 truth=True OK
skip seed 183 truth=False
[349/40] seed 184 truth=True OK
skip seed 184 truth=False
[351/40] seed 185 truth=True OK
skip seed 185 truth=False
[353/40] seed 186 truth=True OK
skip seed 186 truth=False
[355/40] seed 187 truth=True OK
skip seed 187 truth=False
[357/40] seed 188 truth=True OK
skip seed 188 truth=False
[359/40] seed 189 truth=True OK
skip seed 189 truth=False
[361/40] seed 190 truth=True OK
skip seed 190 truth=False
[363/40] seed 191 truth=True OK
skip seed 191 truth=False
[365/40] seed 192 truth=True OK
skip seed 192 truth=False
[367/40] seed 193 truth=True OK
skip seed 193 truth=False
[369/40] seed 194 truth=True OK
skip seed 194 truth=False
[371/40] seed 195 truth=True OK
skip seed 195 truth=False
[373/40] seed 196 truth=True OK
skip seed 196 truth=False
[375/40] seed 197 truth=True OK
skip seed 197 truth=False
[377/40] seed 198 truth=True OK
skip seed 198 truth=False
[379/40] seed 199 truth=True OK
skip seed 199 truth=False
[381/40] seed 200 truth=True OK
skip seed 200 truth=False
[383/40] seed 201 truth=True OK
skip seed 201 truth=False
[385/40] seed 202 truth=True OK
skip seed 202 truth=False
[387/40] seed 203 truth=True OK
skip seed 203 truth=False
[389/40] seed 204 truth=True OK
skip seed 204 truth=False
[391/40] seed 205 truth=True OK
skip seed 205 truth=False
[393/40] seed 206 truth=True OK
skip seed 206 truth=False
[395/40] seed 207 truth=True OK
skip seed 207 truth=False
[397/40] seed 208 truth=True OK
skip seed 208 truth=False
[399/40] seed 209 truth=True OK
skip seed 209 truth=False
[401/40] seed 210 truth=True OK
skip seed 210 truth=False
[403/40] seed 211 truth=True OK
skip seed 211 truth=False
[405/40] seed 212 truth=True OK
skip seed 212 truth=False
[407/40] seed 213 truth=True OK
skip seed 213 truth=False
[409/40] seed 214 truth=True OK
skip seed 214 truth=False
[411/40] seed 215 truth=True OK
skip seed 215 truth=False
[413/40] seed 216 truth=True OK
skip seed 216 truth=False
[415/40] seed 217 truth=True OK
skip seed 217 truth=False
[417/40] seed 218 truth=True OK
skip seed 218 truth=False
[419/40] seed 219 truth=True OK
skip seed 219 truth=False
[421/40] seed 220 truth=True OK
skip seed 220 truth=False
[423/40] seed 221 truth=True OK
skip seed 221 truth=False
[425/40] seed 222 truth=True OK
skip seed 222 truth=False
[427/40] seed 223 truth=True OK
skip seed 223 truth=False
[429/40] seed 224 truth=True OK
skip seed 224 truth=False
[431/40] seed 225 truth=True OK
skip seed 225 truth=False
[433/40] seed 226 truth=True OK
skip seed 226 truth=False
[435/40] seed 227 truth=True OK
skip seed 227 truth=False
[437/40] seed 228 truth=True OK
skip seed 228 truth=False
[439/40] seed 229 truth=True OK
skip seed 229 truth=False
[441/40] seed 230 truth=True OK
skip seed 230 truth=False
[443/40] seed 231 truth=True OK
skip seed 231 truth=False
[445/40] seed 232 truth=True OK
skip seed 232 truth=False
[447/40] seed 233 truth=True OK
skip seed 233 truth=False
[449/40] seed 234 truth=True OK
skip seed 234 truth=False
[451/40] seed 235 truth=True OK
skip seed 235 truth=False
[453/40] seed 236 truth=True OK
skip seed 236 truth=False
[455/40] seed 237 truth=True OK
skip seed 237 truth=False
[457/40] seed 238 truth=True OK
skip seed 238 truth=False
[459/40] seed 239 truth=True OK
skip seed 239 truth=False
[461/40] seed 240 truth=True OK
skip seed 240 truth=False
[463/40] seed 241 truth=True OK
skip seed 241 truth=False
[465/40] seed 242 truth=True OK
skip seed 242 truth=False
[467/40] seed 243 truth=True OK
skip seed 243 truth=False
[469/40] seed 244 truth=True OK
skip seed 244 truth=False
[471/40] seed 245 truth=True OK
skip seed 245 truth=False
[473/40] seed 246 truth=True OK
skip seed 246 truth=False
[475/40] seed 247 truth=True OK
skip seed 247 truth=False
[477/40] seed 248 truth=True OK
skip seed 248 truth=False
[479/40] seed 249 truth=True OK
skip seed 249 truth=False
[481/40] seed 250 truth=True OK
skip seed 250 truth=False
[483/40] seed 251 truth=True OK
skip seed 251 truth=False
[485/40] seed 252 truth=True OK
skip seed 252 truth=False
[487/40] seed 253 truth=True OK
skip seed 253 truth=False
[489/40] seed 254 truth=True OK
skip seed 254 truth=False
[491/40] seed 255 truth=True OK
skip seed 255 truth=False
[493/40] seed 256 truth=True OK
skip seed 256 truth=False
[495/40] seed 257 truth=True OK
skip seed 257 truth=False
[497/40] seed 258 truth=True OK
skip seed 258 truth=False
[499/40] seed 259 truth=True OK
skip seed 259 truth=False
[501/40] seed 260 truth=True OK
skip seed 260 truth=False
[503/40] seed 261 truth=True OK
skip seed 261 truth=False
[505/40] seed 262 truth=True OK
skip seed 262 truth=False
[507/40] seed 263 truth=True OK
skip seed 263 truth=False
[509/40] seed 264 truth=True OK
skip seed 264 truth=False
[511/40] seed 265 truth=True OK
skip seed 265 truth=False
[513/40] seed 266 truth=True OK
skip seed 266 truth=False
[515/40] seed 267 truth=True OK
skip seed 267 truth=False
[517/40] seed 268 truth=True OK
skip seed 268 truth=False
[519/40] seed 269 truth=True OK
skip seed 269 truth=False
[521/40] seed 270 truth=True OK
skip seed 270 truth=False
[523/40] seed 271 truth=True OK
skip seed 271 truth=False
[525/40] seed 272 truth=True OK
skip seed 272 truth=False
[527/40] seed 273 truth=True OK
skip seed 273 truth=False
[529/40] seed 274 truth=True OK
skip seed 274 truth=False
[531/40] seed 275 truth=True OK
skip seed 275 truth=False
[533/40] seed 276 truth=True OK
skip seed 276 truth=False
[535/40] seed 277 truth=True OK
skip seed 277 truth=False
[537/40] seed 278 truth=True OK
skip seed 278 truth=False
[539/40] seed 279 truth=True OK
skip seed 279 truth=False
[541/40] seed 280 truth=True OK
skip seed 280 truth=False
[543/40] seed 281 truth=True OK
skip seed 281 truth=False
[545/40] seed 282 truth=True OK
skip seed 282 truth=False
[547/40] seed 283 truth=True OK
skip seed 283 truth=False
[549/40] seed 284 truth=True OK
skip seed 284 truth=False
[551/40] seed 285 truth=True OK
skip seed 285 truth=False
[553/40] seed 286 truth=True OK
skip seed 286 truth=False
[555/40] seed 287 truth=True OK
skip seed 287 truth=False
[557/40] seed 288 truth=True OK
skip seed 288 truth=False
[559/40] seed 289 truth=True OK
skip seed 289 truth=False
[561/40] seed 290 truth=True OK
skip seed 290 truth=False
[563/40] seed 291 truth=True OK
skip seed 291 truth=False
[565/40] seed 292 truth=True OK
skip seed 292 truth=False
[567/40] seed 293 truth=True OK
skip seed 293 truth=False
[569/40] seed 294 truth=True OK
skip seed 294 truth=False
[571/40] seed 295 truth=True OK
skip seed 295 truth=False
[573/40] seed 296 truth=True OK
skip seed 296 truth=False
[575/40] seed 297 truth=True OK
skip seed 297 truth=False
[577/40] seed 298 truth=True OK
skip seed 298 truth=False
[579/40] seed 299 truth=True OK
skip seed 299 truth=False
[581/40] seed 300 truth=True OK
skip seed 300 truth=False
[583/40] seed 301 truth=True OK
skip seed 301 truth=False
[585/40] seed 302 truth=True OK
skip seed 302 truth=False
[587/40] seed 303 truth=True OK
skip seed 303 truth=False
[589/40] seed 304 truth=True OK
skip seed 304 truth=False
[591/40] seed 305 truth=True OK
skip seed 305 truth=False
[593/40] seed 306 truth=True OK
skip seed 306 truth=False
[595/40] seed 307 truth=True OK
skip seed 307 truth=False
[597/40] seed 308 truth=True OK
skip seed 308 truth=False
[599/40] seed 309 truth=True OK
skip seed 309 truth=False
[601/40] seed 310 truth=True OK
skip seed 310 truth=False
[603/40] seed 311 truth=True OK
skip seed 311 truth=False
[605/40] seed 312 truth=True OK
skip seed 312 truth=False
[607/40] seed 313 truth=True OK
skip seed 313 truth=False
[609/40] seed 314 truth=True OK
skip seed 314 truth=False
[611/40] seed 315 truth=True OK
skip seed 315 truth=False
[613/40] seed 316 truth=True OK
skip seed 316 truth=False
[615/40] seed 317 truth=True OK
skip seed 317 truth=False
[617/40] seed 318 truth=True OK
skip seed 318 truth=False
[619/40] seed 319 truth=True OK
skip seed 319 truth=False
[621/40] seed 320 truth=True OK
skip seed 320 truth=False
[623/40] seed 321 truth=True OK
skip seed 321 truth=False
[625/40] seed 322 truth=True OK
skip seed 322 truth=False
[627/40] seed 323 truth=True OK
skip seed 323 truth=False
[629/40] seed 324 truth=True OK
skip seed 324 truth=False
[631/40] seed 325 truth=True OK
skip seed 325 truth=False
[633/40] seed 326 truth=True OK
skip seed 326 truth=False
[635/40] seed 327 truth=True OK
skip seed 327 truth=False
[637/40] seed 328 truth=True OK
skip seed 328 truth=False
[639/40] seed 329 truth=True OK
skip seed 329 truth=False
[641/40] seed 330 truth=True OK
skip seed 330 truth=False
[643/40] seed 331 truth=True OK
skip seed 331 truth=False
[645/40] seed 332 truth=True OK
skip seed 332 truth=False
[647/40] seed 333 truth=True OK
skip seed 333 truth=False
[649/40] seed 334 truth=True OK
skip seed 334 truth=False
[651/40] seed 335 truth=True OK
skip seed 335 truth=False
[653/40] seed 336 truth=True OK
skip seed 336 truth=False
[655/40] seed 337 truth=True OK
skip seed 337 truth=False
[657/40] seed 338 truth=True OK
skip seed 338 truth=False
[659/40] seed 339 truth=True OK
skip seed 339 truth=False
[661/40] seed 340 truth=True OK
skip seed 340 truth=False
[663/40] seed 341 truth=True OK
skip seed 341 truth=False
[665/40] seed 342 truth=True OK
skip seed 342 truth=False
[667/40] seed 343 truth=True OK
skip seed 343 truth=False
[669/40] seed 344 truth=True OK
skip seed 344 truth=False
[671/40] seed 345 truth=True OK
skip seed 345 truth=False
[673/40] seed 346 truth=True OK
skip seed 346 truth=False
[675/40] seed 347 truth=True OK
skip seed 347 truth=False
[677/40] seed 348 truth=True OK
skip seed 348 truth=False
[679/40] seed 349 truth=True OK
skip seed 349 truth=False
[681/40] seed 350 truth=True OK
skip seed 350 truth=False
[683/40] seed 351 truth=True OK
skip seed 351 truth=False
[685/40] seed 352 truth=True OK
skip seed 352 truth=False
[687/40] seed 353 truth=True OK
skip seed 353 truth=False
[689/40] seed 354 truth=True OK
skip seed 354 truth=False
[691/40] seed 355 truth=True OK
skip seed 355 truth=False
[693/40] seed 356 truth=True OK
skip seed 356 truth=False
[695/40] seed 357 truth=True OK
skip seed 357 truth=False
[697/40] seed 358 truth=True OK
skip seed 358 truth=False
[699/40] seed 359 truth=True OK
skip seed 359 truth=False
[701/40] seed 360 truth=True OK
skip seed 360 truth=False
[703/40] seed 361 truth=True OK
skip seed 361 truth=False
[705/40] seed 362 truth=True OK
skip seed 362 truth=False
[707/40] seed 363 truth=True OK
skip seed 363 truth=False
[709/40] seed 364 truth=True OK
skip seed 364 truth=False
[711/40] seed 365 truth=True OK
skip seed 365 truth=False
[713/40] seed 366 truth=True OK
skip seed 366 truth=False
[715/40] seed 367 truth=True OK
skip seed 367 truth=False
[717/40] seed 368 truth=True OK
skip seed 368 truth=False
[719/40] seed 369 truth=True OK
skip seed 369 truth=False
[721/40] seed 370 truth=True OK
skip seed 370 truth=False
[723/40] seed 371 truth=True OK
skip seed 371 truth=False
[725/40] seed 372 truth=True OK
skip seed 372 truth=False
[727/40] seed 373 truth=True OK
skip seed 373 truth=False
[729/40] seed 374 truth=True OK
skip seed 374 truth=False
[731/40] seed 375 truth=True OK
skip seed 375 truth=False
[733/40] seed 376 truth=True OK
skip seed 376 truth=False
[735/40] seed 377 truth=True OK
skip seed 377 truth=False
[737/40] seed 378 truth=True OK
skip seed 378 truth=False
[739/40] seed 379 truth=True OK
skip seed 379 truth=False
[741/40] seed 380 truth=True OK
skip seed 380 truth=False
[743/40] seed 381 truth=True OK
skip seed 381 truth=False
[745/40] seed 382 truth=True OK
skip seed 382 truth=False
[747/40] seed 383 truth=True OK
skip seed 383 truth=False
[749/40] seed 384 truth=True OK
skip seed 384 truth=False
[751/40] seed 385 truth=True OK
skip seed 385 truth=False
[753/40] seed 386 truth=True OK
skip seed 386 truth=False
[755/40] seed 387 truth=True OK
skip seed 387 truth=False
[757/40] seed 388 truth=True OK
skip seed 388 truth=False
[759/40] seed 389 truth=True OK
skip seed 389 truth=False
[761/40] seed 390 truth=True OK
skip seed 390 truth=False
[763/40] seed 391 truth=True OK
skip seed 391 truth=False
[765/40] seed 392 truth=True OK
skip seed 392 truth=False
[767/40] seed 393 truth=True OK
skip seed 393 truth=False
[769/40] seed 394 truth=True OK
skip seed 394 truth=False
[771/40] seed 395 truth=True OK
skip seed 395 truth=False
[773/40] seed 396 truth=True OK
skip seed 396 truth=False
[775/40] seed 397 truth=True OK
skip seed 397 truth=False
[777/40] seed 398 truth=True OK
skip seed 398 truth=False
[779/40] seed 399 truth=True OK
skip seed 399 truth=False
[781/40] seed 400 truth=True OK
skip seed 400 truth=False
[783/40] seed 401 truth=True OK
skip seed 401 truth=False
[785/40] seed 402 truth=True OK
skip seed 402 truth=False
[787/40] seed 403 truth=True OK
skip seed 403 truth=False
[789/40] seed 404 truth=True OK
skip seed 404 truth=False
[791/40] seed 405 truth=True OK
skip seed 405 truth=False
[793/40] seed 406 truth=True OK
skip seed 406 truth=False
[795/40] seed 407 truth=True OK
skip seed 407 truth=False
[797/40] seed 408 truth=True OK
skip seed 408 truth=False
[799/40] seed 409 truth=True OK
skip seed 409 truth=False
[801/40] seed 410 truth=True OK
skip seed 410 truth=False
[803/40] seed 411 truth=True OK
skip seed 411 truth=False
[805/40] seed 412 truth=True OK
skip seed 412 truth=False
[807/40] seed 413 truth=True OK
skip seed 413 truth=False
[809/40] seed 414 truth=True OK
skip seed 414 truth=False
[811/40] seed 415 truth=True OK
skip seed 415 truth=False
[813/40] seed 416 truth=True OK
skip seed 416 truth=False
[815/40] seed 417 truth=True OK
skip seed 417 truth=False
[817/40] seed 418 truth=True OK
skip seed 418 truth=False
[819/40] seed 419 truth=True OK
skip seed 419 truth=False
[821/40] seed 420 truth=True OK
skip seed 420 truth=False
[823/40] seed 421 truth=True OK
skip seed 421 truth=False
[825/40] seed 422 truth=True OK
skip seed 422 truth=False
[827/40] seed 423 truth=True OK
skip seed 423 truth=False
[829/40] seed 424 truth=True OK
skip seed 424 truth=False
[831/40] seed 425 truth=True OK
skip seed 425 truth=False
[833/40] seed 426 truth=True OK
skip seed 426 truth=False
[835/40] seed 427 truth=True OK
skip seed 427 truth=False
[837/40] seed 428 truth=True OK
skip seed 428 truth=False
[839/40] seed 429 truth=True OK
skip seed 429 truth=False
[841/40] seed 430 truth=True OK
skip seed 430 truth=False
[843/40] seed 431 truth=True OK
skip seed 431 truth=False
[845/40] seed 432 truth=True OK
skip seed 432 truth=False
[847/40] seed 433 truth=True OK
skip seed 433 truth=False
[849/40] seed 434 truth=True OK
skip seed 434 truth=False
[851/40] seed 435 truth=True OK
skip seed 435 truth=False
[853/40] seed 436 truth=True OK
skip seed 436 truth=False
[855/40] seed 437 truth=True OK
skip seed 437 truth=False
[857/40] seed 438 truth=True OK
skip seed 438 truth=False
[859/40] seed 439 truth=True OK
skip seed 439 truth=False
[861/40] seed 440 truth=True OK
skip seed 440 truth=False
[863/40] seed 441 truth=True OK
skip seed 441 truth=False
[865/40] seed 442 truth=True OK
skip seed 442 truth=False
[867/40] seed 443 truth=True OK
skip seed 443 truth=False
[869/40] seed 444 truth=True OK
skip seed 444 truth=False
[871/40] seed 445 truth=True OK
skip seed 445 truth=False
[873/40] seed 446 truth=True OK
skip seed 446 truth=False
[875/40] seed 447 truth=True OK
skip seed 447 truth=False
[877/40] seed 448 truth=True OK
skip seed 448 truth=False
[879/40] seed 449 truth=True OK
skip seed 449 truth=False
[881/40] seed 450 truth=True OK
skip seed 450 truth=False
[883/40] seed 451 truth=True OK
skip seed 451 truth=False
[885/40] seed 452 truth=True OK
skip seed 452 truth=False
[887/40] seed 453 truth=True OK
skip seed 453 truth=False
[889/40] seed 454 truth=True OK
skip seed 454 truth=False
[891/40] seed 455 truth=True OK
skip seed 455 truth=False
[893/40] seed 456 truth=True OK
skip seed 456 truth=False
[895/40] seed 457 truth=True OK
skip seed 457 truth=False
[897/40] seed 458 truth=True OK
skip seed 458 truth=False
[899/40] seed 459 truth=True OK
skip seed 459 truth=False
[901/40] seed 460 truth=True OK
skip seed 460 truth=False
[903/40] seed 461 truth=True OK
skip seed 461 truth=False
[905/40] seed 462 truth=True OK
skip seed 462 truth=False
[907/40] seed 463 truth=True OK
skip seed 463 truth=False
[909/40] seed 464 truth=True OK
skip seed 464 truth=False
[911/40] seed 465 truth=True OK
skip seed 465 truth=False
[913/40] seed 466 truth=True OK
skip seed 466 truth=False
[915/40] seed 467 truth=True OK
skip seed 467 truth=False
[917/40] seed 468 truth=True OK
skip seed 468 truth=False
[919/40] seed 469 truth=True OK
skip seed 469 truth=False
[921/40] seed 470 truth=True OK
skip seed 470 truth=False
[923/40] seed 471 truth=True OK
skip seed 471 truth=False
[925/40] seed 472 truth=True OK
skip seed 472 truth=False
[927/40] seed 473 truth=True OK
skip seed 473 truth=False
[929/40] seed 474 truth=True OK
skip seed 474 truth=False
[931/40] seed 475 truth=True OK
skip seed 475 truth=False
[933/40] seed 476 truth=True OK
skip seed 476 truth=False
[935/40] seed 477 truth=True OK
skip seed 477 truth=False
[937/40] seed 478 truth=True OK
skip seed 478 truth=False
[939/40] seed 479 truth=True OK
skip seed 479 truth=False
[941/40] seed 480 truth=True OK
skip seed 480 truth=False
[943/40] seed 481 truth=True OK
skip seed 481 truth=False
[945/40] seed 482 truth=True OK
skip seed 482 truth=False
[947/40] seed 483 truth=True OK
skip seed 483 truth=False
[949/40] seed 484 truth=True OK
skip seed 484 truth=False
[951/40] seed 485 truth=True OK
skip seed 485 truth=False
[953/40] seed 486 truth=True OK
skip seed 486 truth=False
[955/40] seed 487 truth=True OK
skip seed 487 truth=False
[957/40] seed 488 truth=True OK
skip seed 488 truth=False
[959/40] seed 489 truth=True OK
skip seed 489 truth=False
[961/40] seed 490 truth=True OK
skip seed 490 truth=False
[963/40] seed 491 truth=True OK
skip seed 491 truth=False
[965/40] seed 492 truth=True OK
skip seed 492 truth=False
[967/40] seed 493 truth=True OK
skip seed 493 truth=False
[969/40] seed 494 truth=True OK
skip seed 494 truth=False
[971/40] seed 495 truth=True OK
skip seed 495 truth=False
[973/40] seed 496 truth=True OK
skip seed 496 truth=False
[975/40] seed 497 truth=True OK
skip seed 497 truth=False
[977/40] seed 498 truth=True OK
skip seed 498 truth=False
[979/40] seed 499 truth=True OK
skip seed 499 truth=False
[981/40] seed 500 truth=True OK
skip seed 500 truth=False
[983/40] seed 501 truth=True OK
skip seed 501 truth=False
[985/40] seed 502 truth=True OK
skip seed 502 truth=False
[987/40] seed 503 truth=True OK
skip seed 503 truth=False
[989/40] seed 504 truth=True OK
skip seed 504 truth=False
[991/40] seed 505 truth=True OK
skip seed 505 truth=False
[993/40] seed 506 truth=True OK
skip seed 506 truth=False
[995/40] seed 507 truth=True OK
skip seed 507 truth=False
[997/40] seed 508 truth=True OK
skip seed 508 truth=False
[999/40] seed 509 truth=True OK
skip seed 509 truth=False
HELD-OUT NULL TESTS: 1030; glow-CAUSAL events: 6
  FP: (29, True, 'grasp->glow', 0.00526, 1.315, 111, 89, 84, 115)
  FP: (319, True, 'press->glow', 0.0017, 1.42, 96, 81, 68, 110)
  FP: (31, True, 'press->glow', 0.01188, 1.303, 98, 87, 74, 108)
  FP: (432, True, 'press->glow', 0.00038, 1.382, 125, 75, 90, 109)
  FP: (493, False, 'wait->glow', 0.00286, 1.356, 109, 91, 80, 119)
  FP: (493, True, 'wait->glow', 0.00286, 1.356, 109, 91, 80, 119)
DONE 1000 /40
