=== 1/4 world oracle (verify_env_ledger_v13.py) ===
PASS NC5 an intentionally corrupted field rule FAILS 

CHECKS RUN: 58   FAILS: 0 []
=== 2/4 matrix (driver_ledger_v13.py, resumable) ===
DONE 280 / 280
=== 3/4 analysis (analyze_ledger_v13.py) ===
  H1   HOLDS
  H1b  HOLDS
  H2   HOLDS
  H3   HOLDS
  H4   HOLDS
  H5   HOLDS
  H6   HOLDS
  H7   HOLDS
  H8   HOLDS
  H9   HOLDS
----------------------------------------------------------------------
H1  ledger holds 25/5, keeper alive 10/10; scalar bought 0/30, dead
    ledger forged/seed: [1.5, 1.5, 1.5] ...
H3  scalar stat bribe==honest: True [0.35]
    ledger stat bribe [0.04999999999999999] honest [0.35]
H4  first_nodrain_t > first_decision_t: 39 > 14
H5  lying tag buys the ledger: [0] keeper_dead 10
H7  station money: [125.7, 251.4, 251.4, 125.7, 125.7, 125.7, 125.7, 251.4, 251.4, 125.7] -> no field moves
H9  ledger flat at 25 for ticks .24/.25/.26/.30: True ; scalar crosses .25->.26: True
WROTE /work/Shopify/audit-work/agent_arch/results/analyze_ledger_v13.json
=== 4/4 independent pass (verify_ledger_v13_independent.py) ===
PASS NC6 the H4 ordering claim is falsifiable, not a tautology: its REVERSAL (non-draining receipt strictly BEFORE the first guard decision) is false in both tag-free arms, so the assertion applied to either arm can go red 

CHECKS RUN: 45   FAILS: 0 []
=== drain-lag evidence re-measure (diag_ledger_lag_v13.py) ===
SUMMARY (arm, seed) -> (rich_steps, naive_nodrain, correct_nodrain, disagreements)
   ('l_scalar', 0) -> (36, 6, 7, 1)
   ('l_scalar', 1) -> (36, 6, 7, 1)
   ('l_scalar', 2) -> (36, 6, 7, 1)
   ('l_ledger', 0) -> (5, 0, 1, 1)
   ('l_ledger', 1) -> (5, 0, 1, 1)
   ('l_ledger', 2) -> (5, 0, 1, 1)
WROTE /work/Shopify/audit-work/agent_arch/results/diag_ledger_lag_v13.txt
=== factcheck (factcheck_ledger_v13.py) ===
PASS report text contains '58 checks, 0 fails' 
PASS report text contains '45 checks, 0 fails' 
PASS report text contains '260 unique' 

FACTCHECK RUN: 26   FAILS: 0 []
ALL GREEN
