\BOOKMARK [1][-]{section.1}{\376\377\000I\000n\000t\000r\000o\000d\000u\000c\000t\000i\000o\000n}{}% 1
\BOOKMARK [1][-]{section.2}{\376\377\000R\000e\000l\000a\000t\000e\000d\000\040\000w\000o\000r\000k}{}% 2
\BOOKMARK [1][-]{section.3}{\376\377\000M\000e\000t\000h\000o\000d}{}% 3
\BOOKMARK [2][-]{subsection.3.1}{\376\377\000T\000h\000e\000\040\000a\000g\000e\000n\000t\000\040\000a\000n\000d\000\040\000t\000h\000e\000\040\000b\000a\000s\000e\000\040\000w\000o\000r\000l\000d}{section.3}% 4
\BOOKMARK [2][-]{subsection.3.2}{\376\377\000T\000h\000e\000\040\000o\000n\000e\000-\000e\000x\000t\000e\000n\000s\000i\000o\000n\000\040\000r\000u\000l\000e}{section.3}% 5
\BOOKMARK [2][-]{subsection.3.3}{\376\377\000P\000r\000e\000r\000e\000g\000i\000s\000t\000r\000a\000t\000i\000o\000n\000\040\000a\000n\000d\000\040\000t\000h\000e\000\040\000v\000e\000r\000i\000f\000i\000c\000a\000t\000i\000o\000n\000\040\000s\000t\000a\000c\000k}{section.3}% 6
\BOOKMARK [2][-]{subsection.3.4}{\376\377\000S\000e\000e\000d\000s\000,\000\040\000s\000t\000a\000t\000i\000s\000t\000i\000c\000s\000\040\000a\000n\000d\000\040\000w\000h\000a\000t\000\040\000t\000h\000e\000\040\000t\000e\000s\000t\000s\000\040\000a\000r\000e}{section.3}% 7
\BOOKMARK [1][-]{section.4}{\376\377\000R\000e\000s\000u\000l\000t\000s\000\040\000I\000:\000\040\000t\000h\000e\000\040\000f\000o\000u\000n\000d\000i\000n\000g\000\040\000l\000i\000n\000e\000,\000\040\000v\0001\040\023\000v\0009\000\040\000\050\000a\000b\000b\000r\000e\000v\000i\000a\000t\000e\000d\000\051}{}% 8
\BOOKMARK [1][-]{section.5}{\376\377\000R\000e\000s\000u\000l\000t\000s\000\040\000I\000I\000:\000\040\000t\000h\000e\000\040\000s\000a\000f\000e\000t\000y\000\040\000l\000i\000n\000e\000,\000\040\000v\0001\0000\040\023\000v\0002\0000}{}% 9
\BOOKMARK [2][-]{subsection.5.1}{\376\377\000v\0001\0000\000:\000\040\000t\000h\000e\000\040\000h\000a\000r\000m\000\040\000i\000s\000\040\000w\000a\000y\000f\000i\000n\000d\000i\000n\000g\000-\000s\000h\000a\000p\000e\000d}{section.5}% 10
\BOOKMARK [2][-]{subsection.5.2}{\376\377\000v\0001\0001\000:\000\040\000a\000\040\000g\000o\000a\000l\000\040\000b\000o\000u\000n\000d\000\040\000t\000o\000\040\000a\000\040\000c\000h\000e\000a\000p\000\040\000s\000i\000g\000n\000a\000l\000\040\000i\000s\000\040\000d\000e\000s\000t\000r\000o\000y\000e\000d\000\040\000a\000n\000d\000\040\000l\000o\000o\000k\000s\000\040\000l\000i\000k\000e\000\040\000s\000u\000c\000c\000e\000s\000s}{section.5}% 11
\BOOKMARK [2][-]{subsection.5.3}{\376\377\000v\0001\0002\000:\000\040\000t\000h\000e\000\040\000b\000r\000a\000k\000e\000\040\000i\000s\000\040\000f\000o\000r\000\040\000s\000a\000l\000e\000,\000\040\000a\000n\000d\000\040\000i\000t\000\040\000i\000s\000\040\000b\000o\000u\000g\000h\000t\000\040\000t\000h\000r\000o\000u\000g\000h\000\040\000t\000h\000e\000\040\000c\000h\000a\000n\000n\000e\000l\000\040\000i\000t\000\040\000m\000e\000a\000s\000u\000r\000e\000s}{section.5}% 12
\BOOKMARK [2][-]{subsection.5.4}{\376\377\000v\0001\0003\000:\000\040\000a\000c\000c\000o\000u\000n\000t\000i\000n\000g\000\040\000w\000o\000r\000k\000s\000\040\000e\000x\000a\000c\000t\000l\000y\000\040\000a\000s\000\040\000f\000a\000r\000\040\000a\000s\000\040\000i\000t\000s\000\040\000p\000r\000o\000v\000e\000n\000a\000n\000c\000e\000\040\000c\000a\000n\000\040\000b\000e\000\040\000t\000r\000u\000s\000t\000e\000d}{section.5}% 13
\BOOKMARK [2][-]{subsection.5.5}{\376\377\000v\0001\0004\000:\000\040\000t\000h\000e\000\040\000h\000o\000l\000e\000\040\000c\000l\000o\000s\000e\000s\000,\000\040\000a\000n\000d\000\040\000t\000h\000e\000\040\000v\000u\000l\000n\000e\000r\000a\000b\000i\000l\000i\000t\000y\000\040\000r\000e\000l\000o\000c\000a\000t\000e\000s\000\040\000t\000o\000\040\000t\000i\000m\000e\000l\000i\000n\000e\000s\000s}{section.5}% 14
\BOOKMARK [2][-]{subsection.5.6}{\376\377\000v\0001\0005\000:\000\040\000t\000r\000u\000t\000h\000\040\000a\000l\000o\000n\000e\000\040\000d\000o\000e\000s\000\040\000n\000o\000t\000\040\000s\000e\000l\000e\000c\000t\000\040\000a\000c\000t\000i\000o\000n}{section.5}% 15
\BOOKMARK [2][-]{subsection.5.7}{\376\377\000v\0001\0006\000:\000\040\000p\000r\000o\000t\000e\000c\000t\000i\000o\000n\000\040\000i\000s\000\040\000e\000x\000a\000c\000t\000l\000y\000\040\000`\000`\000t\000h\000e\000\040\000h\000a\000r\000m\000\040\000i\000s\000\040\000o\000u\000t\000s\000i\000d\000e\000\040\000t\000h\000e\000\040\000s\000c\000o\000p\000e\000'\000'}{section.5}% 16
\BOOKMARK [2][-]{subsection.5.8}{\376\377\000v\0001\0007\000:\000\040\000a\000\040\000b\000r\000i\000b\000e\000d\000\040\000a\000u\000d\000i\000t\000o\000r\000\040\000r\000e\000t\000u\000r\000n\000s\000\040\000t\000h\000e\000\040\000p\000r\000o\000t\000e\000c\000t\000i\000o\000n\000\040\000t\000o\000\040\000t\000h\000e\000\040\000h\000o\000l\000e}{section.5}% 17
\BOOKMARK [2][-]{subsection.5.9}{\376\377\000v\0001\0008\000:\000\040\000a\000\040\000b\000o\000u\000n\000d\000a\000r\000y\000\040\000i\000n\000\040\000t\000h\000e\000\040\000w\000o\000r\000l\000d\000\040\000i\000s\000\040\000a\000\040\000d\000i\000f\000f\000e\000r\000e\000n\000t\000\040\000i\000n\000s\000t\000r\000u\000m\000e\000n\000t}{section.5}% 18
\BOOKMARK [2][-]{subsection.5.10}{\376\377\000A\000\040\000r\000e\000p\000l\000i\000c\000a\000t\000i\000o\000n\000\040\000o\000n\000\040\0003\0000\000\040\000f\000r\000e\000s\000h\000\040\000s\000e\000e\000d\000s\000,\000\040\000a\000n\000d\000\040\000o\000n\000e\000\040\000v\000e\000r\000d\000i\000c\000t\000\040\000t\000h\000a\000t\000\040\000d\000o\000e\000s\000\040\000n\000o\000t\000\040\000s\000u\000r\000v\000i\000v\000e}{section.5}% 19
\BOOKMARK [2][-]{subsection.5.11}{\376\377\000v\0001\0009\000:\000\040\000t\000h\000e\000\040\000a\000t\000t\000a\000c\000k\000e\000r\000\040\000t\000h\000a\000t\000\040\000l\000e\000a\000r\000n\000s\000,\000\040\000a\000n\000d\000\040\000w\000h\000y\000\040\000i\000t\000\040\000l\000o\000s\000e\000s}{section.5}% 20
\BOOKMARK [2][-]{subsection.5.12}{\376\377\000v\0002\0000\000:\000\040\000t\000h\000e\000\040\000w\000o\000r\000l\000d\000-\000s\000i\000d\000e\000\040\000b\000o\000u\000n\000d\000a\000r\000y\000\040\000h\000a\000s\000\040\000a\000\040\000p\000r\000i\000c\000e\000\040\000t\000o\000o}{section.5}% 21
\BOOKMARK [2][-]{subsection.5.13}{\376\377\000T\000h\000e\000\040\000o\000n\000e\000\040\000t\000h\000i\000n\000g\000\040\000t\000h\000e\000\040\000l\000i\000n\000e\000\040\000e\000s\000t\000a\000b\000l\000i\000s\000h\000e\000s}{section.5}% 22
\BOOKMARK [1][-]{section.6}{\376\377\000E\000x\000t\000e\000r\000n\000a\000l\000\040\000t\000e\000s\000t\000s\000:\000\040\000h\000o\000w\000\040\000f\000a\000r\000\040\000t\000h\000e\000\040\000e\000p\000i\000s\000t\000e\000m\000i\000c\000\040\000p\000r\000i\000n\000c\000i\000p\000l\000e\000\040\000t\000r\000a\000n\000s\000f\000e\000r\000s}{}% 23
\BOOKMARK [1][-]{section.7}{\376\377\000F\000o\000r\000m\000a\000l\000\040\000v\000e\000r\000i\000f\000i\000c\000a\000t\000i\000o\000n\000:\000\040\000w\000h\000a\000t\000\040\000i\000s\000\040\000p\000r\000o\000v\000e\000d\000,\000\040\000w\000h\000a\000t\000\040\000i\000s\000\040\000c\000o\000n\000j\000e\000c\000t\000u\000r\000e}{}% 24
\BOOKMARK [1][-]{section.8}{\376\377\000I\000n\000d\000e\000p\000e\000n\000d\000e\000n\000t\000\040\000c\000o\000n\000v\000e\000r\000g\000e\000n\000c\000e\000\040\000w\000i\000t\000h\000\040\000a\000\040\0002\0000\0002\0006\000\040\000r\000e\000i\000n\000f\000o\000r\000c\000e\000m\000e\000n\000t\000-\000l\000e\000a\000r\000n\000i\000n\000g\000\040\000s\000t\000u\000d\000y}{}% 25
\BOOKMARK [1][-]{section.9}{\376\377\000D\000i\000s\000c\000u\000s\000s\000i\000o\000n}{}% 26
\BOOKMARK [1][-]{section.10}{\376\377\000L\000i\000m\000i\000t\000a\000t\000i\000o\000n\000s\000\040\000a\000n\000d\000\040\000h\000o\000n\000e\000s\000t\000\040\000l\000i\000m\000i\000t\000s}{}% 27
\BOOKMARK [2][-]{subsection.10.1}{\376\377\000R\000e\000f\000u\000t\000e\000d\000\040\000p\000r\000e\000d\000i\000c\000t\000i\000o\000n\000s}{section.10}% 28
\BOOKMARK [2][-]{subsection.10.2}{\376\377\000D\000e\000f\000e\000c\000t\000s\000\040\000f\000o\000u\000n\000d\000\040\000i\000n\000\040\000o\000u\000r\000\040\000o\000w\000n\000\040\000i\000n\000s\000t\000r\000u\000m\000e\000n\000t\000a\000t\000i\000o\000n}{section.10}% 29
\BOOKMARK [2][-]{subsection.10.3}{\376\377\000D\000e\000c\000l\000a\000r\000e\000d\000\040\000d\000e\000s\000i\000g\000n\000\040\000l\000i\000m\000i\000t\000s\000,\000\040\000b\000y\000\040\000c\000a\000m\000p\000a\000i\000g\000n}{section.10}% 30
\BOOKMARK [2][-]{subsection.10.4}{\376\377\000N\000a\000m\000e\000d\000\040\000b\000u\000t\000\040\000d\000e\000l\000i\000b\000e\000r\000a\000t\000e\000l\000y\000\040\000n\000o\000t\000\040\000b\000u\000i\000l\000t}{section.10}% 31
\BOOKMARK [1][-]{section.11}{\376\377\000C\000o\000n\000c\000l\000u\000s\000i\000o\000n}{}% 32
\BOOKMARK [1][-]{appendix.A}{\376\377\000R\000e\000p\000r\000o\000d\000u\000c\000i\000b\000i\000l\000i\000t\000y}{}% 33
